Filesystem label=
OS type: Linux
Block size=1024 (log=0)
Fragment size=1024 (log=0)
Stride=0 blocks, Stripe width=0 blocks
128 inodes, 1024 blocks
51 blocks (4.98%) reserved for the super user
First data block=1
Root directory owner=1234:1234
Maximum filesystem blocks=1048576
1 block group
8192 blocks per group, 8192 fragments per group
128 inodes per group

Allocating group tables:    done                            
Writing inode tables:    done                            
Writing superblocks and filesystem accounting information:    done

Filesystem features: ext_attr resize_inode dir_index filetype sparse_super
Pass 1: Checking inodes, blocks, and sizes
Pass 2: Checking directory structure
Pass 3: Checking directory connectivity
Pass 4: Checking reference counts
Pass 5: Checking group summary information
test_filesys: 11/128 files (0.0% non-contiguous), 38/1024 blocks
Exit status is 0
Filesystem volume name:   <none>
Last mounted on:          <not available>
Filesystem magic number:  0xEF53
Filesystem revision #:    1 (dynamic)
Filesystem features:      ext_attr resize_inode dir_index filetype sparse_super
Default mount options:    (none)
Filesystem state:         clean
Errors behavior:          Continue
Filesystem OS type:       Linux
Inode count:              128
Block count:              1024
Reserved block count:     51
Free blocks:              986
Free inodes:              117
First block:              1
Block size:               1024
Fragment size:            1024
Reserved GDT blocks:      3
Blocks per group:         8192
Fragments per group:      8192
Inodes per group:         128
Inode blocks per group:   16
Mount count:              0
Check interval:           15552000 (6 months)
Reserved blocks uid:      0
Reserved blocks gid:      0
First inode:              11
Inode size:	          128
Default directory hash:   half_md4


Group 0: (Blocks 1-1023)
  Primary superblock at 1, Group descriptors at 2-2
  Reserved GDT blocks at 3-5
  Block bitmap at 6 (+5), Inode bitmap at 7 (+6)
  Inode table at 8-23 (+7)
  986 free blocks, 117 free inodes, 2 directories
  Free blocks: 38-1023
  Free inodes: 12-128
