Initialize devices
Create RAID device
Create partitions on RAID device


Changes will remain in memory only, until you decide to write them.
Be careful before using the write command.

Device does not contain a recognized partition table


Command (m for help): Partition type:
   p   primary (0 primary, 0 extended, 4 free)
   e   extended
Select (default p): Partition number (1-4, default 1): First sector (2048-204543, default 2048): Using default value 2048
Last sector, +sectors or +size{K,M,G} (2048-204543, default 204543): Partition 1 of type Linux and of size 10 MiB is set

Command (m for help): Partition type:
   p   primary (1 primary, 0 extended, 3 free)
   e   extended
Select (default p): Partition number (1-4, default 2): First sector (22528-204543, default 22528): Using default value 22528
Last sector, +sectors or +size{K,M,G} (22528-204543, default 204543): Using default value 204543
Partition 2 of type Linux and of size 88.9 MiB is set

Command (m for help): 
Disk /dev/md8: 104 MB, 104726528 bytes
2 heads, 4 sectors/track, 25568 cylinders, total 204544 sectors
Units = sectors of 1 * 512 = 512 bytes
Sector size (logical/physical): 512 bytes / 512 bytes
I/O size (minimum/optimal): 65536 bytes / 131072 bytes


    Device Boot      Start         End      Blocks   Id  System
/dev/md8p1            2048       22527       10240   83  Linux
/dev/md8p2           22528      204543       91008   83  Linux

Command (m for help): The partition table has been altered!

Calling ioctl() to re-read partition table.
Syncing disks.
Probe first RAID member
ID_FS_TYPE=linux_raid_member
ID_FS_USAGE=raid


ID_FS_VERSION=0.90.0
Probe second RAID member
ID_FS_TYPE=linux_raid_member
ID_FS_USAGE=raid


ID_FS_VERSION=0.90.0
Stop RAID device
Deinitialize devices
