Create partitions
Device contains neither a valid DOS partition table, nor Sun, SGI or OSF disklabel

Changes will remain in memory only, until you decide to write them.
After that, of course, the previous content won't be recoverable.

Warning: invalid flag 0x0000 of partition table 4 will be corrected by w(rite)

Command (m for help): Partition type:
   p   primary (0 primary, 0 extended, 4 free)
   e   extended
Select (default p): Partition number (1-4, default 1): First sector (2048-104447, default 2048): Using default value 2048
Last sector, +sectors or +size{K,M,G} (2048-104447, default 104447): 
Command (m for help): Partition type:
   p   primary (1 primary, 0 extended, 3 free)
   e   extended
Select (default p): Partition number (1-4, default 2): First sector (53248-104447, default 53248): Using default value 53248
Last sector, +sectors or +size{K,M,G} (53248-104447, default 104447): Using default value 104447

Command (m for help): 
Disk /dev/...: 53 MB, 53477376 bytes
32 heads, 32 sectors/track, 102 cylinders, total 104448 sectors
Units = sectors of 1 * 512 = 512 bytes
Sector size (logical/physical): 512 bytes / 512 bytes
I/O size (minimum/optimal): 512 bytes / 32768 bytes


   Device Boot      Start         End      Blocks   Id  System
/dev/...1            2048       53247       25600   83  Linux
/dev/...2           53248      104447       25600   83  Linux

Command (m for help): The partition table has been altered!

Calling ioctl() to re-read partition table.
Syncing disks.
Create RAID1 device
Probe whole-disk
ID_PART_TABLE_TYPE=dos
Probe first RAID member
ID_FS_TYPE=linux_raid_member
ID_FS_USAGE=raid


ID_FS_VERSION=0.90.0
ID_PART_ENTRY_DISK=8:16
ID_PART_ENTRY_NUMBER=1
ID_PART_ENTRY_OFFSET=2048
ID_PART_ENTRY_SCHEME=dos
ID_PART_ENTRY_SIZE=51200
ID_PART_ENTRY_TYPE=0x83
Probe second RAID member
ID_FS_TYPE=linux_raid_member
ID_FS_USAGE=raid


ID_FS_VERSION=0.90.0
ID_PART_ENTRY_DISK=8:16
ID_PART_ENTRY_NUMBER=2
ID_PART_ENTRY_OFFSET=53248
ID_PART_ENTRY_SCHEME=dos
ID_PART_ENTRY_SIZE=51200
ID_PART_ENTRY_TYPE=0x83
