mke2fs -q -F -o Linux -b 1024 -g 256 test.img 1024
resize2fs -p test.img 10000
Resizing the filesystem on test.img to 10000 (1k) blocks.
Begin pass 1 (max = 35)
Extending the inode table     ----------------------------------------XXXXXXXXXXXXXXXXXXXXXXXXXXXXXXXXXXXXXXXX
The filesystem on test.img is now 9985 blocks long.

Pass 1: Checking inodes, blocks, and sizes
Pass 2: Checking directory structure
Pass 3: Checking directory connectivity
Pass 4: Checking reference counts
Pass 5: Checking group summary information
test_filesys: 11/1248 files (0.0% non-contiguous), 1281/9985 blocks
Exit status is 0
dumpe2fs test.img
Filesystem volume name:   <none>
Last mounted on:          <not available>
Filesystem magic number:  0xEF53
Filesystem revision #:    1 (dynamic)
Filesystem features:      ext_attr resize_inode dir_index filetype sparse_super
Default mount options:    (none)
Filesystem state:         clean
Errors behavior:          Continue
Filesystem OS type:       Linux
Inode count:              1248
Block count:              9985
Reserved block count:     497
Free blocks:              8704
Free inodes:              1237
First block:              1
Block size:               1024
Fragment size:            1024
Reserved GDT blocks:      126
Blocks per group:         256
Fragments per group:      256
Inodes per group:         32
Inode blocks per group:   4
Mount count:              0
Check interval:           15552000 (6 months)
Reserved blocks uid:      0
Reserved blocks gid:      0
First inode:              11
Inode size:	          128
Default directory hash:   half_md4


Group 0: (Blocks 1-256)
  Primary superblock at 1, Group descriptors at 2-3
  Reserved GDT blocks at 4-129
  Block bitmap at 130 (+129), Inode bitmap at 131 (+130)
  Inode table at 132-135 (+131)
  107 free blocks, 21 free inodes, 2 directories
  Free blocks: 150-256
  Free inodes: 12-32
Group 1: (Blocks 257-512)
  Backup superblock at 257, Group descriptors at 258-259
  Reserved GDT blocks at 260-385
  Block bitmap at 386 (+129), Inode bitmap at 387 (+130)
  Inode table at 388-391 (+131)
  121 free blocks, 32 free inodes, 0 directories
  Free blocks: 392-512
  Free inodes: 33-64
Group 2: (Blocks 513-768)
  Block bitmap at 513 (+0), Inode bitmap at 514 (+1)
  Inode table at 515-518 (+2)
  250 free blocks, 32 free inodes, 0 directories
  Free blocks: 519-768
  Free inodes: 65-96
Group 3: (Blocks 769-1024)
  Backup superblock at 769, Group descriptors at 770-771
  Reserved GDT blocks at 772-897
  Block bitmap at 898 (+129), Inode bitmap at 899 (+130)
  Inode table at 900-903 (+131)
  121 free blocks, 32 free inodes, 0 directories
  Free blocks: 904-1024
  Free inodes: 97-128
Group 4: (Blocks 1025-1280)
  Block bitmap at 1025 (+0), Inode bitmap at 1026 (+1)
  Inode table at 1027-1030 (+2)
  250 free blocks, 32 free inodes, 0 directories
  Free blocks: 1031-1280
  Free inodes: 129-160
Group 5: (Blocks 1281-1536)
  Backup superblock at 1281, Group descriptors at 1282-1283
  Reserved GDT blocks at 1284-1409
  Block bitmap at 1410 (+129), Inode bitmap at 1411 (+130)
  Inode table at 1412-1415 (+131)
  121 free blocks, 32 free inodes, 0 directories
  Free blocks: 1416-1536
  Free inodes: 161-192
Group 6: (Blocks 1537-1792)
  Block bitmap at 1537 (+0), Inode bitmap at 1538 (+1)
  Inode table at 1539-1542 (+2)
  250 free blocks, 32 free inodes, 0 directories
  Free blocks: 1543-1792
  Free inodes: 193-224
Group 7: (Blocks 1793-2048)
  Backup superblock at 1793, Group descriptors at 1794-1795
  Reserved GDT blocks at 1796-1921
  Block bitmap at 1922 (+129), Inode bitmap at 1923 (+130)
  Inode table at 1924-1927 (+131)
  121 free blocks, 32 free inodes, 0 directories
  Free blocks: 1928-2048
  Free inodes: 225-256
Group 8: (Blocks 2049-2304)
  Block bitmap at 2049 (+0), Inode bitmap at 2050 (+1)
  Inode table at 2051-2054 (+2)
  250 free blocks, 32 free inodes, 0 directories
  Free blocks: 2055-2304
  Free inodes: 257-288
Group 9: (Blocks 2305-2560)
  Backup superblock at 2305, Group descriptors at 2306-2307
  Reserved GDT blocks at 2308-2433
  Block bitmap at 2434 (+129), Inode bitmap at 2435 (+130)
  Inode table at 2436-2439 (+131)
  121 free blocks, 32 free inodes, 0 directories
  Free blocks: 2440-2560
  Free inodes: 289-320
Group 10: (Blocks 2561-2816)
  Block bitmap at 2561 (+0), Inode bitmap at 2562 (+1)
  Inode table at 2563-2566 (+2)
  250 free blocks, 32 free inodes, 0 directories
  Free blocks: 2567-2816
  Free inodes: 321-352
Group 11: (Blocks 2817-3072)
  Block bitmap at 2817 (+0), Inode bitmap at 2818 (+1)
  Inode table at 2819-2822 (+2)
  250 free blocks, 32 free inodes, 0 directories
  Free blocks: 2823-3072
  Free inodes: 353-384
Group 12: (Blocks 3073-3328)
  Block bitmap at 3073 (+0), Inode bitmap at 3074 (+1)
  Inode table at 3075-3078 (+2)
  250 free blocks, 32 free inodes, 0 directories
  Free blocks: 3079-3328
  Free inodes: 385-416
Group 13: (Blocks 3329-3584)
  Block bitmap at 3329 (+0), Inode bitmap at 3330 (+1)
  Inode table at 3331-3334 (+2)
  250 free blocks, 32 free inodes, 0 directories
  Free blocks: 3335-3584
  Free inodes: 417-448
Group 14: (Blocks 3585-3840)
  Block bitmap at 3585 (+0), Inode bitmap at 3586 (+1)
  Inode table at 3587-3590 (+2)
  250 free blocks, 32 free inodes, 0 directories
  Free blocks: 3591-3840
  Free inodes: 449-480
Group 15: (Blocks 3841-4096)
  Block bitmap at 3841 (+0), Inode bitmap at 3842 (+1)
  Inode table at 3843-3846 (+2)
  250 free blocks, 32 free inodes, 0 directories
  Free blocks: 3847-4096
  Free inodes: 481-512
Group 16: (Blocks 4097-4352)
  Block bitmap at 4097 (+0), Inode bitmap at 4098 (+1)
  Inode table at 4099-4102 (+2)
  250 free blocks, 32 free inodes, 0 directories
  Free blocks: 4103-4352
  Free inodes: 513-544
Group 17: (Blocks 4353-4608)
  Block bitmap at 4353 (+0), Inode bitmap at 4354 (+1)
  Inode table at 4355-4358 (+2)
  250 free blocks, 32 free inodes, 0 directories
  Free blocks: 4359-4608
  Free inodes: 545-576
Group 18: (Blocks 4609-4864)
  Block bitmap at 4609 (+0), Inode bitmap at 4610 (+1)
  Inode table at 4611-4614 (+2)
  250 free blocks, 32 free inodes, 0 directories
  Free blocks: 4615-4864
  Free inodes: 577-608
Group 19: (Blocks 4865-5120)
  Block bitmap at 4865 (+0), Inode bitmap at 4866 (+1)
  Inode table at 4867-4870 (+2)
  250 free blocks, 32 free inodes, 0 directories
  Free blocks: 4871-5120
  Free inodes: 609-640
Group 20: (Blocks 5121-5376)
  Block bitmap at 5121 (+0), Inode bitmap at 5122 (+1)
  Inode table at 5123-5126 (+2)
  250 free blocks, 32 free inodes, 0 directories
  Free blocks: 5127-5376
  Free inodes: 641-672
Group 21: (Blocks 5377-5632)
  Block bitmap at 5377 (+0), Inode bitmap at 5378 (+1)
  Inode table at 5379-5382 (+2)
  250 free blocks, 32 free inodes, 0 directories
  Free blocks: 5383-5632
  Free inodes: 673-704
Group 22: (Blocks 5633-5888)
  Block bitmap at 5633 (+0), Inode bitmap at 5634 (+1)
  Inode table at 5635-5638 (+2)
  250 free blocks, 32 free inodes, 0 directories
  Free blocks: 5639-5888
  Free inodes: 705-736
Group 23: (Blocks 5889-6144)
  Block bitmap at 5889 (+0), Inode bitmap at 5890 (+1)
  Inode table at 5891-5894 (+2)
  250 free blocks, 32 free inodes, 0 directories
  Free blocks: 5895-6144
  Free inodes: 737-768
Group 24: (Blocks 6145-6400)
  Block bitmap at 6145 (+0), Inode bitmap at 6146 (+1)
  Inode table at 6147-6150 (+2)
  250 free blocks, 32 free inodes, 0 directories
  Free blocks: 6151-6400
  Free inodes: 769-800
Group 25: (Blocks 6401-6656)
  Backup superblock at 6401, Group descriptors at 6402-6403
  Reserved GDT blocks at 6404-6529
  Block bitmap at 6530 (+129), Inode bitmap at 6531 (+130)
  Inode table at 6532-6535 (+131)
  121 free blocks, 32 free inodes, 0 directories
  Free blocks: 6536-6656
  Free inodes: 801-832
Group 26: (Blocks 6657-6912)
  Block bitmap at 6657 (+0), Inode bitmap at 6658 (+1)
  Inode table at 6659-6662 (+2)
  250 free blocks, 32 free inodes, 0 directories
  Free blocks: 6663-6912
  Free inodes: 833-864
Group 27: (Blocks 6913-7168)
  Backup superblock at 6913, Group descriptors at 6914-6915
  Reserved GDT blocks at 6916-7041
  Block bitmap at 7042 (+129), Inode bitmap at 7043 (+130)
  Inode table at 7044-7047 (+131)
  121 free blocks, 32 free inodes, 0 directories
  Free blocks: 7048-7168
  Free inodes: 865-896
Group 28: (Blocks 7169-7424)
  Block bitmap at 7169 (+0), Inode bitmap at 7170 (+1)
  Inode table at 7171-7174 (+2)
  250 free blocks, 32 free inodes, 0 directories
  Free blocks: 7175-7424
  Free inodes: 897-928
Group 29: (Blocks 7425-7680)
  Block bitmap at 7425 (+0), Inode bitmap at 7426 (+1)
  Inode table at 7427-7430 (+2)
  250 free blocks, 32 free inodes, 0 directories
  Free blocks: 7431-7680
  Free inodes: 929-960
Group 30: (Blocks 7681-7936)
  Block bitmap at 7681 (+0), Inode bitmap at 7682 (+1)
  Inode table at 7683-7686 (+2)
  250 free blocks, 32 free inodes, 0 directories
  Free blocks: 7687-7936
  Free inodes: 961-992
Group 31: (Blocks 7937-8192)
  Block bitmap at 7937 (+0), Inode bitmap at 7938 (+1)
  Inode table at 7939-7942 (+2)
  250 free blocks, 32 free inodes, 0 directories
  Free blocks: 7943-8192
  Free inodes: 993-1024
Group 32: (Blocks 8193-8448)
  Block bitmap at 8193 (+0), Inode bitmap at 8194 (+1)
  Inode table at 8195-8198 (+2)
  250 free blocks, 32 free inodes, 0 directories
  Free blocks: 8199-8448
  Free inodes: 1025-1056
Group 33: (Blocks 8449-8704)
  Block bitmap at 8449 (+0), Inode bitmap at 8450 (+1)
  Inode table at 8451-8454 (+2)
  250 free blocks, 32 free inodes, 0 directories
  Free blocks: 8455-8704
  Free inodes: 1057-1088
Group 34: (Blocks 8705-8960)
  Block bitmap at 8705 (+0), Inode bitmap at 8706 (+1)
  Inode table at 8707-8710 (+2)
  250 free blocks, 32 free inodes, 0 directories
  Free blocks: 8711-8960
  Free inodes: 1089-1120
Group 35: (Blocks 8961-9216)
  Block bitmap at 8961 (+0), Inode bitmap at 8962 (+1)
  Inode table at 8963-8966 (+2)
  250 free blocks, 32 free inodes, 0 directories
  Free blocks: 8967-9216
  Free inodes: 1121-1152
Group 36: (Blocks 9217-9472)
  Block bitmap at 9217 (+0), Inode bitmap at 9218 (+1)
  Inode table at 9219-9222 (+2)
  250 free blocks, 32 free inodes, 0 directories
  Free blocks: 9223-9472
  Free inodes: 1153-1184
Group 37: (Blocks 9473-9728)
  Block bitmap at 9473 (+0), Inode bitmap at 9474 (+1)
  Inode table at 9475-9478 (+2)
  250 free blocks, 32 free inodes, 0 directories
  Free blocks: 9479-9728
  Free inodes: 1185-1216
Group 38: (Blocks 9729-9984)
  Block bitmap at 9729 (+0), Inode bitmap at 9730 (+1)
  Inode table at 9731-9734 (+2)
  250 free blocks, 32 free inodes, 0 directories
  Free blocks: 9735-9984
  Free inodes: 1217-1248
--------------------------------
resize2fs -p test.img 20000
Resizing the filesystem on test.img to 20000 (1k) blocks.
Begin pass 1 (max = 39)
Extending the inode table     ----------------------------------------XXXXXXXXXXXXXXXXXXXXXXXXXXXXXXXXXXXXXXXX
The filesystem on test.img is now 19969 blocks long.

Filesystem did not have a UUID; generating one.

Pass 1: Checking inodes, blocks, and sizes
Pass 2: Checking directory structure
Pass 3: Checking directory connectivity
Pass 4: Checking reference counts
Pass 5: Checking group summary information
test_filesys: 11/2496 files (0.0% non-contiguous), 1644/19969 blocks
Exit status is 0
dumpe2fs test.img
Filesystem volume name:   <none>
Last mounted on:          <not available>
Filesystem magic number:  0xEF53
Filesystem revision #:    1 (dynamic)
Filesystem features:      ext_attr resize_inode dir_index filetype sparse_super
Default mount options:    (none)
Filesystem state:         clean
Errors behavior:          Continue
Filesystem OS type:       Linux
Inode count:              2496
Block count:              19969
Reserved block count:     993
Free blocks:              18325
Free inodes:              2485
First block:              1
Block size:               1024
Fragment size:            1024
Reserved GDT blocks:      125
Blocks per group:         256
Fragments per group:      256
Inodes per group:         32
Inode blocks per group:   4
Mount count:              0
Check interval:           15552000 (6 months)
Reserved blocks uid:      0
Reserved blocks gid:      0
First inode:              11
Inode size:	          128
Default directory hash:   half_md4


Group 0: (Blocks 1-256)
  Primary superblock at 1, Group descriptors at 2-4
  Reserved GDT blocks at 5-129
  Block bitmap at 130 (+129), Inode bitmap at 131 (+130)
  Inode table at 132-135 (+131)
  107 free blocks, 21 free inodes, 2 directories
  Free blocks: 150-256
  Free inodes: 12-32
Group 1: (Blocks 257-512)
  Backup superblock at 257, Group descriptors at 258-260
  Reserved GDT blocks at 261-385
  Block bitmap at 386 (+129), Inode bitmap at 387 (+130)
  Inode table at 388-391 (+131)
  121 free blocks, 32 free inodes, 0 directories
  Free blocks: 392-512
  Free inodes: 33-64
Group 2: (Blocks 513-768)
  Block bitmap at 513 (+0), Inode bitmap at 514 (+1)
  Inode table at 515-518 (+2)
  250 free blocks, 32 free inodes, 0 directories
  Free blocks: 519-768
  Free inodes: 65-96
Group 3: (Blocks 769-1024)
  Backup superblock at 769, Group descriptors at 770-772
  Reserved GDT blocks at 773-897
  Block bitmap at 898 (+129), Inode bitmap at 899 (+130)
  Inode table at 900-903 (+131)
  121 free blocks, 32 free inodes, 0 directories
  Free blocks: 904-1024
  Free inodes: 97-128
Group 4: (Blocks 1025-1280)
  Block bitmap at 1025 (+0), Inode bitmap at 1026 (+1)
  Inode table at 1027-1030 (+2)
  250 free blocks, 32 free inodes, 0 directories
  Free blocks: 1031-1280
  Free inodes: 129-160
Group 5: (Blocks 1281-1536)
  Backup superblock at 1281, Group descriptors at 1282-1284
  Reserved GDT blocks at 1285-1409
  Block bitmap at 1410 (+129), Inode bitmap at 1411 (+130)
  Inode table at 1412-1415 (+131)
  121 free blocks, 32 free inodes, 0 directories
  Free blocks: 1416-1536
  Free inodes: 161-192
Group 6: (Blocks 1537-1792)
  Block bitmap at 1537 (+0), Inode bitmap at 1538 (+1)
  Inode table at 1539-1542 (+2)
  250 free blocks, 32 free inodes, 0 directories
  Free blocks: 1543-1792
  Free inodes: 193-224
Group 7: (Blocks 1793-2048)
  Backup superblock at 1793, Group descriptors at 1794-1796
  Reserved GDT blocks at 1797-1921
  Block bitmap at 1922 (+129), Inode bitmap at 1923 (+130)
  Inode table at 1924-1927 (+131)
  121 free blocks, 32 free inodes, 0 directories
  Free blocks: 1928-2048
  Free inodes: 225-256
Group 8: (Blocks 2049-2304)
  Block bitmap at 2049 (+0), Inode bitmap at 2050 (+1)
  Inode table at 2051-2054 (+2)
  250 free blocks, 32 free inodes, 0 directories
  Free blocks: 2055-2304
  Free inodes: 257-288
Group 9: (Blocks 2305-2560)
  Backup superblock at 2305, Group descriptors at 2306-2308
  Reserved GDT blocks at 2309-2433
  Block bitmap at 2434 (+129), Inode bitmap at 2435 (+130)
  Inode table at 2436-2439 (+131)
  121 free blocks, 32 free inodes, 0 directories
  Free blocks: 2440-2560
  Free inodes: 289-320
Group 10: (Blocks 2561-2816)
  Block bitmap at 2561 (+0), Inode bitmap at 2562 (+1)
  Inode table at 2563-2566 (+2)
  250 free blocks, 32 free inodes, 0 directories
  Free blocks: 2567-2816
  Free inodes: 321-352
Group 11: (Blocks 2817-3072)
  Block bitmap at 2817 (+0), Inode bitmap at 2818 (+1)
  Inode table at 2819-2822 (+2)
  250 free blocks, 32 free inodes, 0 directories
  Free blocks: 2823-3072
  Free inodes: 353-384
Group 12: (Blocks 3073-3328)
  Block bitmap at 3073 (+0), Inode bitmap at 3074 (+1)
  Inode table at 3075-3078 (+2)
  250 free blocks, 32 free inodes, 0 directories
  Free blocks: 3079-3328
  Free inodes: 385-416
Group 13: (Blocks 3329-3584)
  Block bitmap at 3329 (+0), Inode bitmap at 3330 (+1)
  Inode table at 3331-3334 (+2)
  250 free blocks, 32 free inodes, 0 directories
  Free blocks: 3335-3584
  Free inodes: 417-448
Group 14: (Blocks 3585-3840)
  Block bitmap at 3585 (+0), Inode bitmap at 3586 (+1)
  Inode table at 3587-3590 (+2)
  250 free blocks, 32 free inodes, 0 directories
  Free blocks: 3591-3840
  Free inodes: 449-480
Group 15: (Blocks 3841-4096)
  Block bitmap at 3841 (+0), Inode bitmap at 3842 (+1)
  Inode table at 3843-3846 (+2)
  250 free blocks, 32 free inodes, 0 directories
  Free blocks: 3847-4096
  Free inodes: 481-512
Group 16: (Blocks 4097-4352)
  Block bitmap at 4097 (+0), Inode bitmap at 4098 (+1)
  Inode table at 4099-4102 (+2)
  250 free blocks, 32 free inodes, 0 directories
  Free blocks: 4103-4352
  Free inodes: 513-544
Group 17: (Blocks 4353-4608)
  Block bitmap at 4353 (+0), Inode bitmap at 4354 (+1)
  Inode table at 4355-4358 (+2)
  250 free blocks, 32 free inodes, 0 directories
  Free blocks: 4359-4608
  Free inodes: 545-576
Group 18: (Blocks 4609-4864)
  Block bitmap at 4609 (+0), Inode bitmap at 4610 (+1)
  Inode table at 4611-4614 (+2)
  250 free blocks, 32 free inodes, 0 directories
  Free blocks: 4615-4864
  Free inodes: 577-608
Group 19: (Blocks 4865-5120)
  Block bitmap at 4865 (+0), Inode bitmap at 4866 (+1)
  Inode table at 4867-4870 (+2)
  250 free blocks, 32 free inodes, 0 directories
  Free blocks: 4871-5120
  Free inodes: 609-640
Group 20: (Blocks 5121-5376)
  Block bitmap at 5121 (+0), Inode bitmap at 5122 (+1)
  Inode table at 5123-5126 (+2)
  250 free blocks, 32 free inodes, 0 directories
  Free blocks: 5127-5376
  Free inodes: 641-672
Group 21: (Blocks 5377-5632)
  Block bitmap at 5377 (+0), Inode bitmap at 5378 (+1)
  Inode table at 5379-5382 (+2)
  250 free blocks, 32 free inodes, 0 directories
  Free blocks: 5383-5632
  Free inodes: 673-704
Group 22: (Blocks 5633-5888)
  Block bitmap at 5633 (+0), Inode bitmap at 5634 (+1)
  Inode table at 5635-5638 (+2)
  250 free blocks, 32 free inodes, 0 directories
  Free blocks: 5639-5888
  Free inodes: 705-736
Group 23: (Blocks 5889-6144)
  Block bitmap at 5889 (+0), Inode bitmap at 5890 (+1)
  Inode table at 5891-5894 (+2)
  250 free blocks, 32 free inodes, 0 directories
  Free blocks: 5895-6144
  Free inodes: 737-768
Group 24: (Blocks 6145-6400)
  Block bitmap at 6145 (+0), Inode bitmap at 6146 (+1)
  Inode table at 6147-6150 (+2)
  250 free blocks, 32 free inodes, 0 directories
  Free blocks: 6151-6400
  Free inodes: 769-800
Group 25: (Blocks 6401-6656)
  Backup superblock at 6401, Group descriptors at 6402-6404
  Reserved GDT blocks at 6405-6529
  Block bitmap at 6530 (+129), Inode bitmap at 6531 (+130)
  Inode table at 6532-6535 (+131)
  121 free blocks, 32 free inodes, 0 directories
  Free blocks: 6536-6656
  Free inodes: 801-832
Group 26: (Blocks 6657-6912)
  Block bitmap at 6657 (+0), Inode bitmap at 6658 (+1)
  Inode table at 6659-6662 (+2)
  250 free blocks, 32 free inodes, 0 directories
  Free blocks: 6663-6912
  Free inodes: 833-864
Group 27: (Blocks 6913-7168)
  Backup superblock at 6913, Group descriptors at 6914-6916
  Reserved GDT blocks at 6917-7041
  Block bitmap at 7042 (+129), Inode bitmap at 7043 (+130)
  Inode table at 7044-7047 (+131)
  121 free blocks, 32 free inodes, 0 directories
  Free blocks: 7048-7168
  Free inodes: 865-896
Group 28: (Blocks 7169-7424)
  Block bitmap at 7169 (+0), Inode bitmap at 7170 (+1)
  Inode table at 7171-7174 (+2)
  250 free blocks, 32 free inodes, 0 directories
  Free blocks: 7175-7424
  Free inodes: 897-928
Group 29: (Blocks 7425-7680)
  Block bitmap at 7425 (+0), Inode bitmap at 7426 (+1)
  Inode table at 7427-7430 (+2)
  250 free blocks, 32 free inodes, 0 directories
  Free blocks: 7431-7680
  Free inodes: 929-960
Group 30: (Blocks 7681-7936)
  Block bitmap at 7681 (+0), Inode bitmap at 7682 (+1)
  Inode table at 7683-7686 (+2)
  250 free blocks, 32 free inodes, 0 directories
  Free blocks: 7687-7936
  Free inodes: 961-992
Group 31: (Blocks 7937-8192)
  Block bitmap at 7937 (+0), Inode bitmap at 7938 (+1)
  Inode table at 7939-7942 (+2)
  250 free blocks, 32 free inodes, 0 directories
  Free blocks: 7943-8192
  Free inodes: 993-1024
Group 32: (Blocks 8193-8448)
  Block bitmap at 8193 (+0), Inode bitmap at 8194 (+1)
  Inode table at 8195-8198 (+2)
  250 free blocks, 32 free inodes, 0 directories
  Free blocks: 8199-8448
  Free inodes: 1025-1056
Group 33: (Blocks 8449-8704)
  Block bitmap at 8449 (+0), Inode bitmap at 8450 (+1)
  Inode table at 8451-8454 (+2)
  250 free blocks, 32 free inodes, 0 directories
  Free blocks: 8455-8704
  Free inodes: 1057-1088
Group 34: (Blocks 8705-8960)
  Block bitmap at 8705 (+0), Inode bitmap at 8706 (+1)
  Inode table at 8707-8710 (+2)
  250 free blocks, 32 free inodes, 0 directories
  Free blocks: 8711-8960
  Free inodes: 1089-1120
Group 35: (Blocks 8961-9216)
  Block bitmap at 8961 (+0), Inode bitmap at 8962 (+1)
  Inode table at 8963-8966 (+2)
  250 free blocks, 32 free inodes, 0 directories
  Free blocks: 8967-9216
  Free inodes: 1121-1152
Group 36: (Blocks 9217-9472)
  Block bitmap at 9217 (+0), Inode bitmap at 9218 (+1)
  Inode table at 9219-9222 (+2)
  250 free blocks, 32 free inodes, 0 directories
  Free blocks: 9223-9472
  Free inodes: 1153-1184
Group 37: (Blocks 9473-9728)
  Block bitmap at 9473 (+0), Inode bitmap at 9474 (+1)
  Inode table at 9475-9478 (+2)
  250 free blocks, 32 free inodes, 0 directories
  Free blocks: 9479-9728
  Free inodes: 1185-1216
Group 38: (Blocks 9729-9984)
  Block bitmap at 9729 (+0), Inode bitmap at 9730 (+1)
  Inode table at 9731-9734 (+2)
  250 free blocks, 32 free inodes, 0 directories
  Free blocks: 9735-9984
  Free inodes: 1217-1248
Group 39: (Blocks 9985-10240)
  Block bitmap at 9985 (+0), Inode bitmap at 9986 (+1)
  Inode table at 9987-9990 (+2)
  250 free blocks, 32 free inodes, 0 directories
  Free blocks: 9991-10240
  Free inodes: 1249-1280
Group 40: (Blocks 10241-10496)
  Block bitmap at 10241 (+0), Inode bitmap at 10242 (+1)
  Inode table at 10243-10246 (+2)
  250 free blocks, 32 free inodes, 0 directories
  Free blocks: 10247-10496
  Free inodes: 1281-1312
Group 41: (Blocks 10497-10752)
  Block bitmap at 10497 (+0), Inode bitmap at 10498 (+1)
  Inode table at 10499-10502 (+2)
  250 free blocks, 32 free inodes, 0 directories
  Free blocks: 10503-10752
  Free inodes: 1313-1344
Group 42: (Blocks 10753-11008)
  Block bitmap at 10753 (+0), Inode bitmap at 10754 (+1)
  Inode table at 10755-10758 (+2)
  250 free blocks, 32 free inodes, 0 directories
  Free blocks: 10759-11008
  Free inodes: 1345-1376
Group 43: (Blocks 11009-11264)
  Block bitmap at 11009 (+0), Inode bitmap at 11010 (+1)
  Inode table at 11011-11014 (+2)
  250 free blocks, 32 free inodes, 0 directories
  Free blocks: 11015-11264
  Free inodes: 1377-1408
Group 44: (Blocks 11265-11520)
  Block bitmap at 11265 (+0), Inode bitmap at 11266 (+1)
  Inode table at 11267-11270 (+2)
  250 free blocks, 32 free inodes, 0 directories
  Free blocks: 11271-11520
  Free inodes: 1409-1440
Group 45: (Blocks 11521-11776)
  Block bitmap at 11521 (+0), Inode bitmap at 11522 (+1)
  Inode table at 11523-11526 (+2)
  250 free blocks, 32 free inodes, 0 directories
  Free blocks: 11527-11776
  Free inodes: 1441-1472
Group 46: (Blocks 11777-12032)
  Block bitmap at 11777 (+0), Inode bitmap at 11778 (+1)
  Inode table at 11779-11782 (+2)
  250 free blocks, 32 free inodes, 0 directories
  Free blocks: 11783-12032
  Free inodes: 1473-1504
Group 47: (Blocks 12033-12288)
  Block bitmap at 12033 (+0), Inode bitmap at 12034 (+1)
  Inode table at 12035-12038 (+2)
  250 free blocks, 32 free inodes, 0 directories
  Free blocks: 12039-12288
  Free inodes: 1505-1536
Group 48: (Blocks 12289-12544)
  Block bitmap at 12289 (+0), Inode bitmap at 12290 (+1)
  Inode table at 12291-12294 (+2)
  250 free blocks, 32 free inodes, 0 directories
  Free blocks: 12295-12544
  Free inodes: 1537-1568
Group 49: (Blocks 12545-12800)
  Backup superblock at 12545, Group descriptors at 12546-12548
  Reserved GDT blocks at 12549-12673
  Block bitmap at 12674 (+129), Inode bitmap at 12675 (+130)
  Inode table at 12676-12679 (+131)
  121 free blocks, 32 free inodes, 0 directories
  Free blocks: 12680-12800
  Free inodes: 1569-1600
Group 50: (Blocks 12801-13056)
  Block bitmap at 12801 (+0), Inode bitmap at 12802 (+1)
  Inode table at 12803-12806 (+2)
  250 free blocks, 32 free inodes, 0 directories
  Free blocks: 12807-13056
  Free inodes: 1601-1632
Group 51: (Blocks 13057-13312)
  Block bitmap at 13057 (+0), Inode bitmap at 13058 (+1)
  Inode table at 13059-13062 (+2)
  250 free blocks, 32 free inodes, 0 directories
  Free blocks: 13063-13312
  Free inodes: 1633-1664
Group 52: (Blocks 13313-13568)
  Block bitmap at 13313 (+0), Inode bitmap at 13314 (+1)
  Inode table at 13315-13318 (+2)
  250 free blocks, 32 free inodes, 0 directories
  Free blocks: 13319-13568
  Free inodes: 1665-1696
Group 53: (Blocks 13569-13824)
  Block bitmap at 13569 (+0), Inode bitmap at 13570 (+1)
  Inode table at 13571-13574 (+2)
  250 free blocks, 32 free inodes, 0 directories
  Free blocks: 13575-13824
  Free inodes: 1697-1728
Group 54: (Blocks 13825-14080)
  Block bitmap at 13825 (+0), Inode bitmap at 13826 (+1)
  Inode table at 13827-13830 (+2)
  250 free blocks, 32 free inodes, 0 directories
  Free blocks: 13831-14080
  Free inodes: 1729-1760
Group 55: (Blocks 14081-14336)
  Block bitmap at 14081 (+0), Inode bitmap at 14082 (+1)
  Inode table at 14083-14086 (+2)
  250 free blocks, 32 free inodes, 0 directories
  Free blocks: 14087-14336
  Free inodes: 1761-1792
Group 56: (Blocks 14337-14592)
  Block bitmap at 14337 (+0), Inode bitmap at 14338 (+1)
  Inode table at 14339-14342 (+2)
  250 free blocks, 32 free inodes, 0 directories
  Free blocks: 14343-14592
  Free inodes: 1793-1824
Group 57: (Blocks 14593-14848)
  Block bitmap at 14593 (+0), Inode bitmap at 14594 (+1)
  Inode table at 14595-14598 (+2)
  250 free blocks, 32 free inodes, 0 directories
  Free blocks: 14599-14848
  Free inodes: 1825-1856
Group 58: (Blocks 14849-15104)
  Block bitmap at 14849 (+0), Inode bitmap at 14850 (+1)
  Inode table at 14851-14854 (+2)
  250 free blocks, 32 free inodes, 0 directories
  Free blocks: 14855-15104
  Free inodes: 1857-1888
Group 59: (Blocks 15105-15360)
  Block bitmap at 15105 (+0), Inode bitmap at 15106 (+1)
  Inode table at 15107-15110 (+2)
  250 free blocks, 32 free inodes, 0 directories
  Free blocks: 15111-15360
  Free inodes: 1889-1920
Group 60: (Blocks 15361-15616)
  Block bitmap at 15361 (+0), Inode bitmap at 15362 (+1)
  Inode table at 15363-15366 (+2)
  250 free blocks, 32 free inodes, 0 directories
  Free blocks: 15367-15616
  Free inodes: 1921-1952
Group 61: (Blocks 15617-15872)
  Block bitmap at 15617 (+0), Inode bitmap at 15618 (+1)
  Inode table at 15619-15622 (+2)
  250 free blocks, 32 free inodes, 0 directories
  Free blocks: 15623-15872
  Free inodes: 1953-1984
Group 62: (Blocks 15873-16128)
  Block bitmap at 15873 (+0), Inode bitmap at 15874 (+1)
  Inode table at 15875-15878 (+2)
  250 free blocks, 32 free inodes, 0 directories
  Free blocks: 15879-16128
  Free inodes: 1985-2016
Group 63: (Blocks 16129-16384)
  Block bitmap at 16129 (+0), Inode bitmap at 16130 (+1)
  Inode table at 16131-16134 (+2)
  250 free blocks, 32 free inodes, 0 directories
  Free blocks: 16135-16384
  Free inodes: 2017-2048
Group 64: (Blocks 16385-16640)
  Block bitmap at 16385 (+0), Inode bitmap at 16386 (+1)
  Inode table at 16387-16390 (+2)
  250 free blocks, 32 free inodes, 0 directories
  Free blocks: 16391-16640
  Free inodes: 2049-2080
Group 65: (Blocks 16641-16896)
  Block bitmap at 16641 (+0), Inode bitmap at 16642 (+1)
  Inode table at 16643-16646 (+2)
  250 free blocks, 32 free inodes, 0 directories
  Free blocks: 16647-16896
  Free inodes: 2081-2112
Group 66: (Blocks 16897-17152)
  Block bitmap at 16897 (+0), Inode bitmap at 16898 (+1)
  Inode table at 16899-16902 (+2)
  250 free blocks, 32 free inodes, 0 directories
  Free blocks: 16903-17152
  Free inodes: 2113-2144
Group 67: (Blocks 17153-17408)
  Block bitmap at 17153 (+0), Inode bitmap at 17154 (+1)
  Inode table at 17155-17158 (+2)
  250 free blocks, 32 free inodes, 0 directories
  Free blocks: 17159-17408
  Free inodes: 2145-2176
Group 68: (Blocks 17409-17664)
  Block bitmap at 17409 (+0), Inode bitmap at 17410 (+1)
  Inode table at 17411-17414 (+2)
  250 free blocks, 32 free inodes, 0 directories
  Free blocks: 17415-17664
  Free inodes: 2177-2208
Group 69: (Blocks 17665-17920)
  Block bitmap at 17665 (+0), Inode bitmap at 17666 (+1)
  Inode table at 17667-17670 (+2)
  250 free blocks, 32 free inodes, 0 directories
  Free blocks: 17671-17920
  Free inodes: 2209-2240
Group 70: (Blocks 17921-18176)
  Block bitmap at 17921 (+0), Inode bitmap at 17922 (+1)
  Inode table at 17923-17926 (+2)
  250 free blocks, 32 free inodes, 0 directories
  Free blocks: 17927-18176
  Free inodes: 2241-2272
Group 71: (Blocks 18177-18432)
  Block bitmap at 18177 (+0), Inode bitmap at 18178 (+1)
  Inode table at 18179-18182 (+2)
  250 free blocks, 32 free inodes, 0 directories
  Free blocks: 18183-18432
  Free inodes: 2273-2304
Group 72: (Blocks 18433-18688)
  Block bitmap at 18433 (+0), Inode bitmap at 18434 (+1)
  Inode table at 18435-18438 (+2)
  250 free blocks, 32 free inodes, 0 directories
  Free blocks: 18439-18688
  Free inodes: 2305-2336
Group 73: (Blocks 18689-18944)
  Block bitmap at 18689 (+0), Inode bitmap at 18690 (+1)
  Inode table at 18691-18694 (+2)
  250 free blocks, 32 free inodes, 0 directories
  Free blocks: 18695-18944
  Free inodes: 2337-2368
Group 74: (Blocks 18945-19200)
  Block bitmap at 18945 (+0), Inode bitmap at 18946 (+1)
  Inode table at 18947-18950 (+2)
  250 free blocks, 32 free inodes, 0 directories
  Free blocks: 18951-19200
  Free inodes: 2369-2400
Group 75: (Blocks 19201-19456)
  Block bitmap at 19201 (+0), Inode bitmap at 19202 (+1)
  Inode table at 19203-19206 (+2)
  250 free blocks, 32 free inodes, 0 directories
  Free blocks: 19207-19456
  Free inodes: 2401-2432
Group 76: (Blocks 19457-19712)
  Block bitmap at 19457 (+0), Inode bitmap at 19458 (+1)
  Inode table at 19459-19462 (+2)
  250 free blocks, 32 free inodes, 0 directories
  Free blocks: 19463-19712
  Free inodes: 2433-2464
Group 77: (Blocks 19713-19968)
  Block bitmap at 19713 (+0), Inode bitmap at 19714 (+1)
  Inode table at 19715-19718 (+2)
  250 free blocks, 32 free inodes, 0 directories
  Free blocks: 19719-19968
  Free inodes: 2465-2496
--------------------------------
resize2fs -p test.img 30000
Resizing the filesystem on test.img to 30000 (1k) blocks.
Begin pass 1 (max = 39)
Extending the inode table     ----------------------------------------XXXXXXXXXXXXXXXXXXXXXXXXXXXXXXXXXXXXXXXX
The filesystem on test.img is now 29953 blocks long.

Filesystem did not have a UUID; generating one.

Pass 1: Checking inodes, blocks, and sizes
Pass 2: Checking directory structure
Pass 3: Checking directory connectivity
Pass 4: Checking reference counts
Pass 5: Checking group summary information
test_filesys: 11/3744 files (0.0% non-contiguous), 2007/29953 blocks
Exit status is 0
dumpe2fs test.img
Filesystem volume name:   <none>
Last mounted on:          <not available>
Filesystem magic number:  0xEF53
Filesystem revision #:    1 (dynamic)
Filesystem features:      ext_attr resize_inode dir_index filetype sparse_super
Default mount options:    (none)
Filesystem state:         clean
Errors behavior:          Continue
Filesystem OS type:       Linux
Inode count:              3744
Block count:              29953
Reserved block count:     1489
Free blocks:              27946
Free inodes:              3733
First block:              1
Block size:               1024
Fragment size:            1024
Reserved GDT blocks:      124
Blocks per group:         256
Fragments per group:      256
Inodes per group:         32
Inode blocks per group:   4
Mount count:              0
Check interval:           15552000 (6 months)
Reserved blocks uid:      0
Reserved blocks gid:      0
First inode:              11
Inode size:	          128
Default directory hash:   half_md4


Group 0: (Blocks 1-256)
  Primary superblock at 1, Group descriptors at 2-5
  Reserved GDT blocks at 6-129
  Block bitmap at 130 (+129), Inode bitmap at 131 (+130)
  Inode table at 132-135 (+131)
  107 free blocks, 21 free inodes, 2 directories
  Free blocks: 150-256
  Free inodes: 12-32
Group 1: (Blocks 257-512)
  Backup superblock at 257, Group descriptors at 258-261
  Reserved GDT blocks at 262-385
  Block bitmap at 386 (+129), Inode bitmap at 387 (+130)
  Inode table at 388-391 (+131)
  121 free blocks, 32 free inodes, 0 directories
  Free blocks: 392-512
  Free inodes: 33-64
Group 2: (Blocks 513-768)
  Block bitmap at 513 (+0), Inode bitmap at 514 (+1)
  Inode table at 515-518 (+2)
  250 free blocks, 32 free inodes, 0 directories
  Free blocks: 519-768
  Free inodes: 65-96
Group 3: (Blocks 769-1024)
  Backup superblock at 769, Group descriptors at 770-773
  Reserved GDT blocks at 774-897
  Block bitmap at 898 (+129), Inode bitmap at 899 (+130)
  Inode table at 900-903 (+131)
  121 free blocks, 32 free inodes, 0 directories
  Free blocks: 904-1024
  Free inodes: 97-128
Group 4: (Blocks 1025-1280)
  Block bitmap at 1025 (+0), Inode bitmap at 1026 (+1)
  Inode table at 1027-1030 (+2)
  250 free blocks, 32 free inodes, 0 directories
  Free blocks: 1031-1280
  Free inodes: 129-160
Group 5: (Blocks 1281-1536)
  Backup superblock at 1281, Group descriptors at 1282-1285
  Reserved GDT blocks at 1286-1409
  Block bitmap at 1410 (+129), Inode bitmap at 1411 (+130)
  Inode table at 1412-1415 (+131)
  121 free blocks, 32 free inodes, 0 directories
  Free blocks: 1416-1536
  Free inodes: 161-192
Group 6: (Blocks 1537-1792)
  Block bitmap at 1537 (+0), Inode bitmap at 1538 (+1)
  Inode table at 1539-1542 (+2)
  250 free blocks, 32 free inodes, 0 directories
  Free blocks: 1543-1792
  Free inodes: 193-224
Group 7: (Blocks 1793-2048)
  Backup superblock at 1793, Group descriptors at 1794-1797
  Reserved GDT blocks at 1798-1921
  Block bitmap at 1922 (+129), Inode bitmap at 1923 (+130)
  Inode table at 1924-1927 (+131)
  121 free blocks, 32 free inodes, 0 directories
  Free blocks: 1928-2048
  Free inodes: 225-256
Group 8: (Blocks 2049-2304)
  Block bitmap at 2049 (+0), Inode bitmap at 2050 (+1)
  Inode table at 2051-2054 (+2)
  250 free blocks, 32 free inodes, 0 directories
  Free blocks: 2055-2304
  Free inodes: 257-288
Group 9: (Blocks 2305-2560)
  Backup superblock at 2305, Group descriptors at 2306-2309
  Reserved GDT blocks at 2310-2433
  Block bitmap at 2434 (+129), Inode bitmap at 2435 (+130)
  Inode table at 2436-2439 (+131)
  121 free blocks, 32 free inodes, 0 directories
  Free blocks: 2440-2560
  Free inodes: 289-320
Group 10: (Blocks 2561-2816)
  Block bitmap at 2561 (+0), Inode bitmap at 2562 (+1)
  Inode table at 2563-2566 (+2)
  250 free blocks, 32 free inodes, 0 directories
  Free blocks: 2567-2816
  Free inodes: 321-352
Group 11: (Blocks 2817-3072)
  Block bitmap at 2817 (+0), Inode bitmap at 2818 (+1)
  Inode table at 2819-2822 (+2)
  250 free blocks, 32 free inodes, 0 directories
  Free blocks: 2823-3072
  Free inodes: 353-384
Group 12: (Blocks 3073-3328)
  Block bitmap at 3073 (+0), Inode bitmap at 3074 (+1)
  Inode table at 3075-3078 (+2)
  250 free blocks, 32 free inodes, 0 directories
  Free blocks: 3079-3328
  Free inodes: 385-416
Group 13: (Blocks 3329-3584)
  Block bitmap at 3329 (+0), Inode bitmap at 3330 (+1)
  Inode table at 3331-3334 (+2)
  250 free blocks, 32 free inodes, 0 directories
  Free blocks: 3335-3584
  Free inodes: 417-448
Group 14: (Blocks 3585-3840)
  Block bitmap at 3585 (+0), Inode bitmap at 3586 (+1)
  Inode table at 3587-3590 (+2)
  250 free blocks, 32 free inodes, 0 directories
  Free blocks: 3591-3840
  Free inodes: 449-480
Group 15: (Blocks 3841-4096)
  Block bitmap at 3841 (+0), Inode bitmap at 3842 (+1)
  Inode table at 3843-3846 (+2)
  250 free blocks, 32 free inodes, 0 directories
  Free blocks: 3847-4096
  Free inodes: 481-512
Group 16: (Blocks 4097-4352)
  Block bitmap at 4097 (+0), Inode bitmap at 4098 (+1)
  Inode table at 4099-4102 (+2)
  250 free blocks, 32 free inodes, 0 directories
  Free blocks: 4103-4352
  Free inodes: 513-544
Group 17: (Blocks 4353-4608)
  Block bitmap at 4353 (+0), Inode bitmap at 4354 (+1)
  Inode table at 4355-4358 (+2)
  250 free blocks, 32 free inodes, 0 directories
  Free blocks: 4359-4608
  Free inodes: 545-576
Group 18: (Blocks 4609-4864)
  Block bitmap at 4609 (+0), Inode bitmap at 4610 (+1)
  Inode table at 4611-4614 (+2)
  250 free blocks, 32 free inodes, 0 directories
  Free blocks: 4615-4864
  Free inodes: 577-608
Group 19: (Blocks 4865-5120)
  Block bitmap at 4865 (+0), Inode bitmap at 4866 (+1)
  Inode table at 4867-4870 (+2)
  250 free blocks, 32 free inodes, 0 directories
  Free blocks: 4871-5120
  Free inodes: 609-640
Group 20: (Blocks 5121-5376)
  Block bitmap at 5121 (+0), Inode bitmap at 5122 (+1)
  Inode table at 5123-5126 (+2)
  250 free blocks, 32 free inodes, 0 directories
  Free blocks: 5127-5376
  Free inodes: 641-672
Group 21: (Blocks 5377-5632)
  Block bitmap at 5377 (+0), Inode bitmap at 5378 (+1)
  Inode table at 5379-5382 (+2)
  250 free blocks, 32 free inodes, 0 directories
  Free blocks: 5383-5632
  Free inodes: 673-704
Group 22: (Blocks 5633-5888)
  Block bitmap at 5633 (+0), Inode bitmap at 5634 (+1)
  Inode table at 5635-5638 (+2)
  250 free blocks, 32 free inodes, 0 directories
  Free blocks: 5639-5888
  Free inodes: 705-736
Group 23: (Blocks 5889-6144)
  Block bitmap at 5889 (+0), Inode bitmap at 5890 (+1)
  Inode table at 5891-5894 (+2)
  250 free blocks, 32 free inodes, 0 directories
  Free blocks: 5895-6144
  Free inodes: 737-768
Group 24: (Blocks 6145-6400)
  Block bitmap at 6145 (+0), Inode bitmap at 6146 (+1)
  Inode table at 6147-6150 (+2)
  250 free blocks, 32 free inodes, 0 directories
  Free blocks: 6151-6400
  Free inodes: 769-800
Group 25: (Blocks 6401-6656)
  Backup superblock at 6401, Group descriptors at 6402-6405
  Reserved GDT blocks at 6406-6529
  Block bitmap at 6530 (+129), Inode bitmap at 6531 (+130)
  Inode table at 6532-6535 (+131)
  121 free blocks, 32 free inodes, 0 directories
  Free blocks: 6536-6656
  Free inodes: 801-832
Group 26: (Blocks 6657-6912)
  Block bitmap at 6657 (+0), Inode bitmap at 6658 (+1)
  Inode table at 6659-6662 (+2)
  250 free blocks, 32 free inodes, 0 directories
  Free blocks: 6663-6912
  Free inodes: 833-864
Group 27: (Blocks 6913-7168)
  Backup superblock at 6913, Group descriptors at 6914-6917
  Reserved GDT blocks at 6918-7041
  Block bitmap at 7042 (+129), Inode bitmap at 7043 (+130)
  Inode table at 7044-7047 (+131)
  121 free blocks, 32 free inodes, 0 directories
  Free blocks: 7048-7168
  Free inodes: 865-896
Group 28: (Blocks 7169-7424)
  Block bitmap at 7169 (+0), Inode bitmap at 7170 (+1)
  Inode table at 7171-7174 (+2)
  250 free blocks, 32 free inodes, 0 directories
  Free blocks: 7175-7424
  Free inodes: 897-928
Group 29: (Blocks 7425-7680)
  Block bitmap at 7425 (+0), Inode bitmap at 7426 (+1)
  Inode table at 7427-7430 (+2)
  250 free blocks, 32 free inodes, 0 directories
  Free blocks: 7431-7680
  Free inodes: 929-960
Group 30: (Blocks 7681-7936)
  Block bitmap at 7681 (+0), Inode bitmap at 7682 (+1)
  Inode table at 7683-7686 (+2)
  250 free blocks, 32 free inodes, 0 directories
  Free blocks: 7687-7936
  Free inodes: 961-992
Group 31: (Blocks 7937-8192)
  Block bitmap at 7937 (+0), Inode bitmap at 7938 (+1)
  Inode table at 7939-7942 (+2)
  250 free blocks, 32 free inodes, 0 directories
  Free blocks: 7943-8192
  Free inodes: 993-1024
Group 32: (Blocks 8193-8448)
  Block bitmap at 8193 (+0), Inode bitmap at 8194 (+1)
  Inode table at 8195-8198 (+2)
  250 free blocks, 32 free inodes, 0 directories
  Free blocks: 8199-8448
  Free inodes: 1025-1056
Group 33: (Blocks 8449-8704)
  Block bitmap at 8449 (+0), Inode bitmap at 8450 (+1)
  Inode table at 8451-8454 (+2)
  250 free blocks, 32 free inodes, 0 directories
  Free blocks: 8455-8704
  Free inodes: 1057-1088
Group 34: (Blocks 8705-8960)
  Block bitmap at 8705 (+0), Inode bitmap at 8706 (+1)
  Inode table at 8707-8710 (+2)
  250 free blocks, 32 free inodes, 0 directories
  Free blocks: 8711-8960
  Free inodes: 1089-1120
Group 35: (Blocks 8961-9216)
  Block bitmap at 8961 (+0), Inode bitmap at 8962 (+1)
  Inode table at 8963-8966 (+2)
  250 free blocks, 32 free inodes, 0 directories
  Free blocks: 8967-9216
  Free inodes: 1121-1152
Group 36: (Blocks 9217-9472)
  Block bitmap at 9217 (+0), Inode bitmap at 9218 (+1)
  Inode table at 9219-9222 (+2)
  250 free blocks, 32 free inodes, 0 directories
  Free blocks: 9223-9472
  Free inodes: 1153-1184
Group 37: (Blocks 9473-9728)
  Block bitmap at 9473 (+0), Inode bitmap at 9474 (+1)
  Inode table at 9475-9478 (+2)
  250 free blocks, 32 free inodes, 0 directories
  Free blocks: 9479-9728
  Free inodes: 1185-1216
Group 38: (Blocks 9729-9984)
  Block bitmap at 9729 (+0), Inode bitmap at 9730 (+1)
  Inode table at 9731-9734 (+2)
  250 free blocks, 32 free inodes, 0 directories
  Free blocks: 9735-9984
  Free inodes: 1217-1248
Group 39: (Blocks 9985-10240)
  Block bitmap at 9985 (+0), Inode bitmap at 9986 (+1)
  Inode table at 9987-9990 (+2)
  250 free blocks, 32 free inodes, 0 directories
  Free blocks: 9991-10240
  Free inodes: 1249-1280
Group 40: (Blocks 10241-10496)
  Block bitmap at 10241 (+0), Inode bitmap at 10242 (+1)
  Inode table at 10243-10246 (+2)
  250 free blocks, 32 free inodes, 0 directories
  Free blocks: 10247-10496
  Free inodes: 1281-1312
Group 41: (Blocks 10497-10752)
  Block bitmap at 10497 (+0), Inode bitmap at 10498 (+1)
  Inode table at 10499-10502 (+2)
  250 free blocks, 32 free inodes, 0 directories
  Free blocks: 10503-10752
  Free inodes: 1313-1344
Group 42: (Blocks 10753-11008)
  Block bitmap at 10753 (+0), Inode bitmap at 10754 (+1)
  Inode table at 10755-10758 (+2)
  250 free blocks, 32 free inodes, 0 directories
  Free blocks: 10759-11008
  Free inodes: 1345-1376
Group 43: (Blocks 11009-11264)
  Block bitmap at 11009 (+0), Inode bitmap at 11010 (+1)
  Inode table at 11011-11014 (+2)
  250 free blocks, 32 free inodes, 0 directories
  Free blocks: 11015-11264
  Free inodes: 1377-1408
Group 44: (Blocks 11265-11520)
  Block bitmap at 11265 (+0), Inode bitmap at 11266 (+1)
  Inode table at 11267-11270 (+2)
  250 free blocks, 32 free inodes, 0 directories
  Free blocks: 11271-11520
  Free inodes: 1409-1440
Group 45: (Blocks 11521-11776)
  Block bitmap at 11521 (+0), Inode bitmap at 11522 (+1)
  Inode table at 11523-11526 (+2)
  250 free blocks, 32 free inodes, 0 directories
  Free blocks: 11527-11776
  Free inodes: 1441-1472
Group 46: (Blocks 11777-12032)
  Block bitmap at 11777 (+0), Inode bitmap at 11778 (+1)
  Inode table at 11779-11782 (+2)
  250 free blocks, 32 free inodes, 0 directories
  Free blocks: 11783-12032
  Free inodes: 1473-1504
Group 47: (Blocks 12033-12288)
  Block bitmap at 12033 (+0), Inode bitmap at 12034 (+1)
  Inode table at 12035-12038 (+2)
  250 free blocks, 32 free inodes, 0 directories
  Free blocks: 12039-12288
  Free inodes: 1505-1536
Group 48: (Blocks 12289-12544)
  Block bitmap at 12289 (+0), Inode bitmap at 12290 (+1)
  Inode table at 12291-12294 (+2)
  250 free blocks, 32 free inodes, 0 directories
  Free blocks: 12295-12544
  Free inodes: 1537-1568
Group 49: (Blocks 12545-12800)
  Backup superblock at 12545, Group descriptors at 12546-12549
  Reserved GDT blocks at 12550-12673
  Block bitmap at 12674 (+129), Inode bitmap at 12675 (+130)
  Inode table at 12676-12679 (+131)
  121 free blocks, 32 free inodes, 0 directories
  Free blocks: 12680-12800
  Free inodes: 1569-1600
Group 50: (Blocks 12801-13056)
  Block bitmap at 12801 (+0), Inode bitmap at 12802 (+1)
  Inode table at 12803-12806 (+2)
  250 free blocks, 32 free inodes, 0 directories
  Free blocks: 12807-13056
  Free inodes: 1601-1632
Group 51: (Blocks 13057-13312)
  Block bitmap at 13057 (+0), Inode bitmap at 13058 (+1)
  Inode table at 13059-13062 (+2)
  250 free blocks, 32 free inodes, 0 directories
  Free blocks: 13063-13312
  Free inodes: 1633-1664
Group 52: (Blocks 13313-13568)
  Block bitmap at 13313 (+0), Inode bitmap at 13314 (+1)
  Inode table at 13315-13318 (+2)
  250 free blocks, 32 free inodes, 0 directories
  Free blocks: 13319-13568
  Free inodes: 1665-1696
Group 53: (Blocks 13569-13824)
  Block bitmap at 13569 (+0), Inode bitmap at 13570 (+1)
  Inode table at 13571-13574 (+2)
  250 free blocks, 32 free inodes, 0 directories
  Free blocks: 13575-13824
  Free inodes: 1697-1728
Group 54: (Blocks 13825-14080)
  Block bitmap at 13825 (+0), Inode bitmap at 13826 (+1)
  Inode table at 13827-13830 (+2)
  250 free blocks, 32 free inodes, 0 directories
  Free blocks: 13831-14080
  Free inodes: 1729-1760
Group 55: (Blocks 14081-14336)
  Block bitmap at 14081 (+0), Inode bitmap at 14082 (+1)
  Inode table at 14083-14086 (+2)
  250 free blocks, 32 free inodes, 0 directories
  Free blocks: 14087-14336
  Free inodes: 1761-1792
Group 56: (Blocks 14337-14592)
  Block bitmap at 14337 (+0), Inode bitmap at 14338 (+1)
  Inode table at 14339-14342 (+2)
  250 free blocks, 32 free inodes, 0 directories
  Free blocks: 14343-14592
  Free inodes: 1793-1824
Group 57: (Blocks 14593-14848)
  Block bitmap at 14593 (+0), Inode bitmap at 14594 (+1)
  Inode table at 14595-14598 (+2)
  250 free blocks, 32 free inodes, 0 directories
  Free blocks: 14599-14848
  Free inodes: 1825-1856
Group 58: (Blocks 14849-15104)
  Block bitmap at 14849 (+0), Inode bitmap at 14850 (+1)
  Inode table at 14851-14854 (+2)
  250 free blocks, 32 free inodes, 0 directories
  Free blocks: 14855-15104
  Free inodes: 1857-1888
Group 59: (Blocks 15105-15360)
  Block bitmap at 15105 (+0), Inode bitmap at 15106 (+1)
  Inode table at 15107-15110 (+2)
  250 free blocks, 32 free inodes, 0 directories
  Free blocks: 15111-15360
  Free inodes: 1889-1920
Group 60: (Blocks 15361-15616)
  Block bitmap at 15361 (+0), Inode bitmap at 15362 (+1)
  Inode table at 15363-15366 (+2)
  250 free blocks, 32 free inodes, 0 directories
  Free blocks: 15367-15616
  Free inodes: 1921-1952
Group 61: (Blocks 15617-15872)
  Block bitmap at 15617 (+0), Inode bitmap at 15618 (+1)
  Inode table at 15619-15622 (+2)
  250 free blocks, 32 free inodes, 0 directories
  Free blocks: 15623-15872
  Free inodes: 1953-1984
Group 62: (Blocks 15873-16128)
  Block bitmap at 15873 (+0), Inode bitmap at 15874 (+1)
  Inode table at 15875-15878 (+2)
  250 free blocks, 32 free inodes, 0 directories
  Free blocks: 15879-16128
  Free inodes: 1985-2016
Group 63: (Blocks 16129-16384)
  Block bitmap at 16129 (+0), Inode bitmap at 16130 (+1)
  Inode table at 16131-16134 (+2)
  250 free blocks, 32 free inodes, 0 directories
  Free blocks: 16135-16384
  Free inodes: 2017-2048
Group 64: (Blocks 16385-16640)
  Block bitmap at 16385 (+0), Inode bitmap at 16386 (+1)
  Inode table at 16387-16390 (+2)
  250 free blocks, 32 free inodes, 0 directories
  Free blocks: 16391-16640
  Free inodes: 2049-2080
Group 65: (Blocks 16641-16896)
  Block bitmap at 16641 (+0), Inode bitmap at 16642 (+1)
  Inode table at 16643-16646 (+2)
  250 free blocks, 32 free inodes, 0 directories
  Free blocks: 16647-16896
  Free inodes: 2081-2112
Group 66: (Blocks 16897-17152)
  Block bitmap at 16897 (+0), Inode bitmap at 16898 (+1)
  Inode table at 16899-16902 (+2)
  250 free blocks, 32 free inodes, 0 directories
  Free blocks: 16903-17152
  Free inodes: 2113-2144
Group 67: (Blocks 17153-17408)
  Block bitmap at 17153 (+0), Inode bitmap at 17154 (+1)
  Inode table at 17155-17158 (+2)
  250 free blocks, 32 free inodes, 0 directories
  Free blocks: 17159-17408
  Free inodes: 2145-2176
Group 68: (Blocks 17409-17664)
  Block bitmap at 17409 (+0), Inode bitmap at 17410 (+1)
  Inode table at 17411-17414 (+2)
  250 free blocks, 32 free inodes, 0 directories
  Free blocks: 17415-17664
  Free inodes: 2177-2208
Group 69: (Blocks 17665-17920)
  Block bitmap at 17665 (+0), Inode bitmap at 17666 (+1)
  Inode table at 17667-17670 (+2)
  250 free blocks, 32 free inodes, 0 directories
  Free blocks: 17671-17920
  Free inodes: 2209-2240
Group 70: (Blocks 17921-18176)
  Block bitmap at 17921 (+0), Inode bitmap at 17922 (+1)
  Inode table at 17923-17926 (+2)
  250 free blocks, 32 free inodes, 0 directories
  Free blocks: 17927-18176
  Free inodes: 2241-2272
Group 71: (Blocks 18177-18432)
  Block bitmap at 18177 (+0), Inode bitmap at 18178 (+1)
  Inode table at 18179-18182 (+2)
  250 free blocks, 32 free inodes, 0 directories
  Free blocks: 18183-18432
  Free inodes: 2273-2304
Group 72: (Blocks 18433-18688)
  Block bitmap at 18433 (+0), Inode bitmap at 18434 (+1)
  Inode table at 18435-18438 (+2)
  250 free blocks, 32 free inodes, 0 directories
  Free blocks: 18439-18688
  Free inodes: 2305-2336
Group 73: (Blocks 18689-18944)
  Block bitmap at 18689 (+0), Inode bitmap at 18690 (+1)
  Inode table at 18691-18694 (+2)
  250 free blocks, 32 free inodes, 0 directories
  Free blocks: 18695-18944
  Free inodes: 2337-2368
Group 74: (Blocks 18945-19200)
  Block bitmap at 18945 (+0), Inode bitmap at 18946 (+1)
  Inode table at 18947-18950 (+2)
  250 free blocks, 32 free inodes, 0 directories
  Free blocks: 18951-19200
  Free inodes: 2369-2400
Group 75: (Blocks 19201-19456)
  Block bitmap at 19201 (+0), Inode bitmap at 19202 (+1)
  Inode table at 19203-19206 (+2)
  250 free blocks, 32 free inodes, 0 directories
  Free blocks: 19207-19456
  Free inodes: 2401-2432
Group 76: (Blocks 19457-19712)
  Block bitmap at 19457 (+0), Inode bitmap at 19458 (+1)
  Inode table at 19459-19462 (+2)
  250 free blocks, 32 free inodes, 0 directories
  Free blocks: 19463-19712
  Free inodes: 2433-2464
Group 77: (Blocks 19713-19968)
  Block bitmap at 19713 (+0), Inode bitmap at 19714 (+1)
  Inode table at 19715-19718 (+2)
  250 free blocks, 32 free inodes, 0 directories
  Free blocks: 19719-19968
  Free inodes: 2465-2496
Group 78: (Blocks 19969-20224)
  Block bitmap at 19969 (+0), Inode bitmap at 19970 (+1)
  Inode table at 19971-19974 (+2)
  250 free blocks, 32 free inodes, 0 directories
  Free blocks: 19975-20224
  Free inodes: 2497-2528
Group 79: (Blocks 20225-20480)
  Block bitmap at 20225 (+0), Inode bitmap at 20226 (+1)
  Inode table at 20227-20230 (+2)
  250 free blocks, 32 free inodes, 0 directories
  Free blocks: 20231-20480
  Free inodes: 2529-2560
Group 80: (Blocks 20481-20736)
  Block bitmap at 20481 (+0), Inode bitmap at 20482 (+1)
  Inode table at 20483-20486 (+2)
  250 free blocks, 32 free inodes, 0 directories
  Free blocks: 20487-20736
  Free inodes: 2561-2592
Group 81: (Blocks 20737-20992)
  Backup superblock at 20737, Group descriptors at 20738-20741
  Reserved GDT blocks at 20742-20865
  Block bitmap at 20866 (+129), Inode bitmap at 20867 (+130)
  Inode table at 20868-20871 (+131)
  121 free blocks, 32 free inodes, 0 directories
  Free blocks: 20872-20992
  Free inodes: 2593-2624
Group 82: (Blocks 20993-21248)
  Block bitmap at 20993 (+0), Inode bitmap at 20994 (+1)
  Inode table at 20995-20998 (+2)
  250 free blocks, 32 free inodes, 0 directories
  Free blocks: 20999-21248
  Free inodes: 2625-2656
Group 83: (Blocks 21249-21504)
  Block bitmap at 21249 (+0), Inode bitmap at 21250 (+1)
  Inode table at 21251-21254 (+2)
  250 free blocks, 32 free inodes, 0 directories
  Free blocks: 21255-21504
  Free inodes: 2657-2688
Group 84: (Blocks 21505-21760)
  Block bitmap at 21505 (+0), Inode bitmap at 21506 (+1)
  Inode table at 21507-21510 (+2)
  250 free blocks, 32 free inodes, 0 directories
  Free blocks: 21511-21760
  Free inodes: 2689-2720
Group 85: (Blocks 21761-22016)
  Block bitmap at 21761 (+0), Inode bitmap at 21762 (+1)
  Inode table at 21763-21766 (+2)
  250 free blocks, 32 free inodes, 0 directories
  Free blocks: 21767-22016
  Free inodes: 2721-2752
Group 86: (Blocks 22017-22272)
  Block bitmap at 22017 (+0), Inode bitmap at 22018 (+1)
  Inode table at 22019-22022 (+2)
  250 free blocks, 32 free inodes, 0 directories
  Free blocks: 22023-22272
  Free inodes: 2753-2784
Group 87: (Blocks 22273-22528)
  Block bitmap at 22273 (+0), Inode bitmap at 22274 (+1)
  Inode table at 22275-22278 (+2)
  250 free blocks, 32 free inodes, 0 directories
  Free blocks: 22279-22528
  Free inodes: 2785-2816
Group 88: (Blocks 22529-22784)
  Block bitmap at 22529 (+0), Inode bitmap at 22530 (+1)
  Inode table at 22531-22534 (+2)
  250 free blocks, 32 free inodes, 0 directories
  Free blocks: 22535-22784
  Free inodes: 2817-2848
Group 89: (Blocks 22785-23040)
  Block bitmap at 22785 (+0), Inode bitmap at 22786 (+1)
  Inode table at 22787-22790 (+2)
  250 free blocks, 32 free inodes, 0 directories
  Free blocks: 22791-23040
  Free inodes: 2849-2880
Group 90: (Blocks 23041-23296)
  Block bitmap at 23041 (+0), Inode bitmap at 23042 (+1)
  Inode table at 23043-23046 (+2)
  250 free blocks, 32 free inodes, 0 directories
  Free blocks: 23047-23296
  Free inodes: 2881-2912
Group 91: (Blocks 23297-23552)
  Block bitmap at 23297 (+0), Inode bitmap at 23298 (+1)
  Inode table at 23299-23302 (+2)
  250 free blocks, 32 free inodes, 0 directories
  Free blocks: 23303-23552
  Free inodes: 2913-2944
Group 92: (Blocks 23553-23808)
  Block bitmap at 23553 (+0), Inode bitmap at 23554 (+1)
  Inode table at 23555-23558 (+2)
  250 free blocks, 32 free inodes, 0 directories
  Free blocks: 23559-23808
  Free inodes: 2945-2976
Group 93: (Blocks 23809-24064)
  Block bitmap at 23809 (+0), Inode bitmap at 23810 (+1)
  Inode table at 23811-23814 (+2)
  250 free blocks, 32 free inodes, 0 directories
  Free blocks: 23815-24064
  Free inodes: 2977-3008
Group 94: (Blocks 24065-24320)
  Block bitmap at 24065 (+0), Inode bitmap at 24066 (+1)
  Inode table at 24067-24070 (+2)
  250 free blocks, 32 free inodes, 0 directories
  Free blocks: 24071-24320
  Free inodes: 3009-3040
Group 95: (Blocks 24321-24576)
  Block bitmap at 24321 (+0), Inode bitmap at 24322 (+1)
  Inode table at 24323-24326 (+2)
  250 free blocks, 32 free inodes, 0 directories
  Free blocks: 24327-24576
  Free inodes: 3041-3072
Group 96: (Blocks 24577-24832)
  Block bitmap at 24577 (+0), Inode bitmap at 24578 (+1)
  Inode table at 24579-24582 (+2)
  250 free blocks, 32 free inodes, 0 directories
  Free blocks: 24583-24832
  Free inodes: 3073-3104
Group 97: (Blocks 24833-25088)
  Block bitmap at 24833 (+0), Inode bitmap at 24834 (+1)
  Inode table at 24835-24838 (+2)
  250 free blocks, 32 free inodes, 0 directories
  Free blocks: 24839-25088
  Free inodes: 3105-3136
Group 98: (Blocks 25089-25344)
  Block bitmap at 25089 (+0), Inode bitmap at 25090 (+1)
  Inode table at 25091-25094 (+2)
  250 free blocks, 32 free inodes, 0 directories
  Free blocks: 25095-25344
  Free inodes: 3137-3168
Group 99: (Blocks 25345-25600)
  Block bitmap at 25345 (+0), Inode bitmap at 25346 (+1)
  Inode table at 25347-25350 (+2)
  250 free blocks, 32 free inodes, 0 directories
  Free blocks: 25351-25600
  Free inodes: 3169-3200
Group 100: (Blocks 25601-25856)
  Block bitmap at 25601 (+0), Inode bitmap at 25602 (+1)
  Inode table at 25603-25606 (+2)
  250 free blocks, 32 free inodes, 0 directories
  Free blocks: 25607-25856
  Free inodes: 3201-3232
Group 101: (Blocks 25857-26112)
  Block bitmap at 25857 (+0), Inode bitmap at 25858 (+1)
  Inode table at 25859-25862 (+2)
  250 free blocks, 32 free inodes, 0 directories
  Free blocks: 25863-26112
  Free inodes: 3233-3264
Group 102: (Blocks 26113-26368)
  Block bitmap at 26113 (+0), Inode bitmap at 26114 (+1)
  Inode table at 26115-26118 (+2)
  250 free blocks, 32 free inodes, 0 directories
  Free blocks: 26119-26368
  Free inodes: 3265-3296
Group 103: (Blocks 26369-26624)
  Block bitmap at 26369 (+0), Inode bitmap at 26370 (+1)
  Inode table at 26371-26374 (+2)
  250 free blocks, 32 free inodes, 0 directories
  Free blocks: 26375-26624
  Free inodes: 3297-3328
Group 104: (Blocks 26625-26880)
  Block bitmap at 26625 (+0), Inode bitmap at 26626 (+1)
  Inode table at 26627-26630 (+2)
  250 free blocks, 32 free inodes, 0 directories
  Free blocks: 26631-26880
  Free inodes: 3329-3360
Group 105: (Blocks 26881-27136)
  Block bitmap at 26881 (+0), Inode bitmap at 26882 (+1)
  Inode table at 26883-26886 (+2)
  250 free blocks, 32 free inodes, 0 directories
  Free blocks: 26887-27136
  Free inodes: 3361-3392
Group 106: (Blocks 27137-27392)
  Block bitmap at 27137 (+0), Inode bitmap at 27138 (+1)
  Inode table at 27139-27142 (+2)
  250 free blocks, 32 free inodes, 0 directories
  Free blocks: 27143-27392
  Free inodes: 3393-3424
Group 107: (Blocks 27393-27648)
  Block bitmap at 27393 (+0), Inode bitmap at 27394 (+1)
  Inode table at 27395-27398 (+2)
  250 free blocks, 32 free inodes, 0 directories
  Free blocks: 27399-27648
  Free inodes: 3425-3456
Group 108: (Blocks 27649-27904)
  Block bitmap at 27649 (+0), Inode bitmap at 27650 (+1)
  Inode table at 27651-27654 (+2)
  250 free blocks, 32 free inodes, 0 directories
  Free blocks: 27655-27904
  Free inodes: 3457-3488
Group 109: (Blocks 27905-28160)
  Block bitmap at 27905 (+0), Inode bitmap at 27906 (+1)
  Inode table at 27907-27910 (+2)
  250 free blocks, 32 free inodes, 0 directories
  Free blocks: 27911-28160
  Free inodes: 3489-3520
Group 110: (Blocks 28161-28416)
  Block bitmap at 28161 (+0), Inode bitmap at 28162 (+1)
  Inode table at 28163-28166 (+2)
  250 free blocks, 32 free inodes, 0 directories
  Free blocks: 28167-28416
  Free inodes: 3521-3552
Group 111: (Blocks 28417-28672)
  Block bitmap at 28417 (+0), Inode bitmap at 28418 (+1)
  Inode table at 28419-28422 (+2)
  250 free blocks, 32 free inodes, 0 directories
  Free blocks: 28423-28672
  Free inodes: 3553-3584
Group 112: (Blocks 28673-28928)
  Block bitmap at 28673 (+0), Inode bitmap at 28674 (+1)
  Inode table at 28675-28678 (+2)
  250 free blocks, 32 free inodes, 0 directories
  Free blocks: 28679-28928
  Free inodes: 3585-3616
Group 113: (Blocks 28929-29184)
  Block bitmap at 28929 (+0), Inode bitmap at 28930 (+1)
  Inode table at 28931-28934 (+2)
  250 free blocks, 32 free inodes, 0 directories
  Free blocks: 28935-29184
  Free inodes: 3617-3648
Group 114: (Blocks 29185-29440)
  Block bitmap at 29185 (+0), Inode bitmap at 29186 (+1)
  Inode table at 29187-29190 (+2)
  250 free blocks, 32 free inodes, 0 directories
  Free blocks: 29191-29440
  Free inodes: 3649-3680
Group 115: (Blocks 29441-29696)
  Block bitmap at 29441 (+0), Inode bitmap at 29442 (+1)
  Inode table at 29443-29446 (+2)
  250 free blocks, 32 free inodes, 0 directories
  Free blocks: 29447-29696
  Free inodes: 3681-3712
Group 116: (Blocks 29697-29952)
  Block bitmap at 29697 (+0), Inode bitmap at 29698 (+1)
  Inode table at 29699-29702 (+2)
  250 free blocks, 32 free inodes, 0 directories
  Free blocks: 29703-29952
  Free inodes: 3713-3744
--------------------------------
resize2fs -p test.img 40000
Resizing the filesystem on test.img to 40000 (1k) blocks.
Begin pass 1 (max = 40)
Extending the inode table     ----------------------------------------XXXXXXXXXXXXXXXXXXXXXXXXXXXXXXXXXXXXXXXX
The filesystem on test.img is now 40000 blocks long.

Filesystem did not have a UUID; generating one.

Pass 1: Checking inodes, blocks, and sizes
Pass 2: Checking directory structure
Pass 3: Checking directory connectivity
Pass 4: Checking reference counts
Pass 5: Checking group summary information
test_filesys: 11/5024 files (0.0% non-contiguous), 2376/40000 blocks
Exit status is 0
dumpe2fs test.img
Filesystem volume name:   <none>
Last mounted on:          <not available>
Filesystem magic number:  0xEF53
Filesystem revision #:    1 (dynamic)
Filesystem features:      ext_attr resize_inode dir_index filetype sparse_super
Default mount options:    (none)
Filesystem state:         clean
Errors behavior:          Continue
Filesystem OS type:       Linux
Inode count:              5024
Block count:              40000
Reserved block count:     1988
Free blocks:              37624
Free inodes:              5013
First block:              1
Block size:               1024
Fragment size:            1024
Reserved GDT blocks:      123
Blocks per group:         256
Fragments per group:      256
Inodes per group:         32
Inode blocks per group:   4
Mount count:              0
Check interval:           15552000 (6 months)
Reserved blocks uid:      0
Reserved blocks gid:      0
First inode:              11
Inode size:	          128
Default directory hash:   half_md4


Group 0: (Blocks 1-256)
  Primary superblock at 1, Group descriptors at 2-6
  Reserved GDT blocks at 7-129
  Block bitmap at 130 (+129), Inode bitmap at 131 (+130)
  Inode table at 132-135 (+131)
  107 free blocks, 21 free inodes, 2 directories
  Free blocks: 150-256
  Free inodes: 12-32
Group 1: (Blocks 257-512)
  Backup superblock at 257, Group descriptors at 258-262
  Reserved GDT blocks at 263-385
  Block bitmap at 386 (+129), Inode bitmap at 387 (+130)
  Inode table at 388-391 (+131)
  121 free blocks, 32 free inodes, 0 directories
  Free blocks: 392-512
  Free inodes: 33-64
Group 2: (Blocks 513-768)
  Block bitmap at 513 (+0), Inode bitmap at 514 (+1)
  Inode table at 515-518 (+2)
  250 free blocks, 32 free inodes, 0 directories
  Free blocks: 519-768
  Free inodes: 65-96
Group 3: (Blocks 769-1024)
  Backup superblock at 769, Group descriptors at 770-774
  Reserved GDT blocks at 775-897
  Block bitmap at 898 (+129), Inode bitmap at 899 (+130)
  Inode table at 900-903 (+131)
  121 free blocks, 32 free inodes, 0 directories
  Free blocks: 904-1024
  Free inodes: 97-128
Group 4: (Blocks 1025-1280)
  Block bitmap at 1025 (+0), Inode bitmap at 1026 (+1)
  Inode table at 1027-1030 (+2)
  250 free blocks, 32 free inodes, 0 directories
  Free blocks: 1031-1280
  Free inodes: 129-160
Group 5: (Blocks 1281-1536)
  Backup superblock at 1281, Group descriptors at 1282-1286
  Reserved GDT blocks at 1287-1409
  Block bitmap at 1410 (+129), Inode bitmap at 1411 (+130)
  Inode table at 1412-1415 (+131)
  121 free blocks, 32 free inodes, 0 directories
  Free blocks: 1416-1536
  Free inodes: 161-192
Group 6: (Blocks 1537-1792)
  Block bitmap at 1537 (+0), Inode bitmap at 1538 (+1)
  Inode table at 1539-1542 (+2)
  250 free blocks, 32 free inodes, 0 directories
  Free blocks: 1543-1792
  Free inodes: 193-224
Group 7: (Blocks 1793-2048)
  Backup superblock at 1793, Group descriptors at 1794-1798
  Reserved GDT blocks at 1799-1921
  Block bitmap at 1922 (+129), Inode bitmap at 1923 (+130)
  Inode table at 1924-1927 (+131)
  121 free blocks, 32 free inodes, 0 directories
  Free blocks: 1928-2048
  Free inodes: 225-256
Group 8: (Blocks 2049-2304)
  Block bitmap at 2049 (+0), Inode bitmap at 2050 (+1)
  Inode table at 2051-2054 (+2)
  250 free blocks, 32 free inodes, 0 directories
  Free blocks: 2055-2304
  Free inodes: 257-288
Group 9: (Blocks 2305-2560)
  Backup superblock at 2305, Group descriptors at 2306-2310
  Reserved GDT blocks at 2311-2433
  Block bitmap at 2434 (+129), Inode bitmap at 2435 (+130)
  Inode table at 2436-2439 (+131)
  121 free blocks, 32 free inodes, 0 directories
  Free blocks: 2440-2560
  Free inodes: 289-320
Group 10: (Blocks 2561-2816)
  Block bitmap at 2561 (+0), Inode bitmap at 2562 (+1)
  Inode table at 2563-2566 (+2)
  250 free blocks, 32 free inodes, 0 directories
  Free blocks: 2567-2816
  Free inodes: 321-352
Group 11: (Blocks 2817-3072)
  Block bitmap at 2817 (+0), Inode bitmap at 2818 (+1)
  Inode table at 2819-2822 (+2)
  250 free blocks, 32 free inodes, 0 directories
  Free blocks: 2823-3072
  Free inodes: 353-384
Group 12: (Blocks 3073-3328)
  Block bitmap at 3073 (+0), Inode bitmap at 3074 (+1)
  Inode table at 3075-3078 (+2)
  250 free blocks, 32 free inodes, 0 directories
  Free blocks: 3079-3328
  Free inodes: 385-416
Group 13: (Blocks 3329-3584)
  Block bitmap at 3329 (+0), Inode bitmap at 3330 (+1)
  Inode table at 3331-3334 (+2)
  250 free blocks, 32 free inodes, 0 directories
  Free blocks: 3335-3584
  Free inodes: 417-448
Group 14: (Blocks 3585-3840)
  Block bitmap at 3585 (+0), Inode bitmap at 3586 (+1)
  Inode table at 3587-3590 (+2)
  250 free blocks, 32 free inodes, 0 directories
  Free blocks: 3591-3840
  Free inodes: 449-480
Group 15: (Blocks 3841-4096)
  Block bitmap at 3841 (+0), Inode bitmap at 3842 (+1)
  Inode table at 3843-3846 (+2)
  250 free blocks, 32 free inodes, 0 directories
  Free blocks: 3847-4096
  Free inodes: 481-512
Group 16: (Blocks 4097-4352)
  Block bitmap at 4097 (+0), Inode bitmap at 4098 (+1)
  Inode table at 4099-4102 (+2)
  250 free blocks, 32 free inodes, 0 directories
  Free blocks: 4103-4352
  Free inodes: 513-544
Group 17: (Blocks 4353-4608)
  Block bitmap at 4353 (+0), Inode bitmap at 4354 (+1)
  Inode table at 4355-4358 (+2)
  250 free blocks, 32 free inodes, 0 directories
  Free blocks: 4359-4608
  Free inodes: 545-576
Group 18: (Blocks 4609-4864)
  Block bitmap at 4609 (+0), Inode bitmap at 4610 (+1)
  Inode table at 4611-4614 (+2)
  250 free blocks, 32 free inodes, 0 directories
  Free blocks: 4615-4864
  Free inodes: 577-608
Group 19: (Blocks 4865-5120)
  Block bitmap at 4865 (+0), Inode bitmap at 4866 (+1)
  Inode table at 4867-4870 (+2)
  250 free blocks, 32 free inodes, 0 directories
  Free blocks: 4871-5120
  Free inodes: 609-640
Group 20: (Blocks 5121-5376)
  Block bitmap at 5121 (+0), Inode bitmap at 5122 (+1)
  Inode table at 5123-5126 (+2)
  250 free blocks, 32 free inodes, 0 directories
  Free blocks: 5127-5376
  Free inodes: 641-672
Group 21: (Blocks 5377-5632)
  Block bitmap at 5377 (+0), Inode bitmap at 5378 (+1)
  Inode table at 5379-5382 (+2)
  250 free blocks, 32 free inodes, 0 directories
  Free blocks: 5383-5632
  Free inodes: 673-704
Group 22: (Blocks 5633-5888)
  Block bitmap at 5633 (+0), Inode bitmap at 5634 (+1)
  Inode table at 5635-5638 (+2)
  250 free blocks, 32 free inodes, 0 directories
  Free blocks: 5639-5888
  Free inodes: 705-736
Group 23: (Blocks 5889-6144)
  Block bitmap at 5889 (+0), Inode bitmap at 5890 (+1)
  Inode table at 5891-5894 (+2)
  250 free blocks, 32 free inodes, 0 directories
  Free blocks: 5895-6144
  Free inodes: 737-768
Group 24: (Blocks 6145-6400)
  Block bitmap at 6145 (+0), Inode bitmap at 6146 (+1)
  Inode table at 6147-6150 (+2)
  250 free blocks, 32 free inodes, 0 directories
  Free blocks: 6151-6400
  Free inodes: 769-800
Group 25: (Blocks 6401-6656)
  Backup superblock at 6401, Group descriptors at 6402-6406
  Reserved GDT blocks at 6407-6529
  Block bitmap at 6530 (+129), Inode bitmap at 6531 (+130)
  Inode table at 6532-6535 (+131)
  121 free blocks, 32 free inodes, 0 directories
  Free blocks: 6536-6656
  Free inodes: 801-832
Group 26: (Blocks 6657-6912)
  Block bitmap at 6657 (+0), Inode bitmap at 6658 (+1)
  Inode table at 6659-6662 (+2)
  250 free blocks, 32 free inodes, 0 directories
  Free blocks: 6663-6912
  Free inodes: 833-864
Group 27: (Blocks 6913-7168)
  Backup superblock at 6913, Group descriptors at 6914-6918
  Reserved GDT blocks at 6919-7041
  Block bitmap at 7042 (+129), Inode bitmap at 7043 (+130)
  Inode table at 7044-7047 (+131)
  121 free blocks, 32 free inodes, 0 directories
  Free blocks: 7048-7168
  Free inodes: 865-896
Group 28: (Blocks 7169-7424)
  Block bitmap at 7169 (+0), Inode bitmap at 7170 (+1)
  Inode table at 7171-7174 (+2)
  250 free blocks, 32 free inodes, 0 directories
  Free blocks: 7175-7424
  Free inodes: 897-928
Group 29: (Blocks 7425-7680)
  Block bitmap at 7425 (+0), Inode bitmap at 7426 (+1)
  Inode table at 7427-7430 (+2)
  250 free blocks, 32 free inodes, 0 directories
  Free blocks: 7431-7680
  Free inodes: 929-960
Group 30: (Blocks 7681-7936)
  Block bitmap at 7681 (+0), Inode bitmap at 7682 (+1)
  Inode table at 7683-7686 (+2)
  250 free blocks, 32 free inodes, 0 directories
  Free blocks: 7687-7936
  Free inodes: 961-992
Group 31: (Blocks 7937-8192)
  Block bitmap at 7937 (+0), Inode bitmap at 7938 (+1)
  Inode table at 7939-7942 (+2)
  250 free blocks, 32 free inodes, 0 directories
  Free blocks: 7943-8192
  Free inodes: 993-1024
Group 32: (Blocks 8193-8448)
  Block bitmap at 8193 (+0), Inode bitmap at 8194 (+1)
  Inode table at 8195-8198 (+2)
  250 free blocks, 32 free inodes, 0 directories
  Free blocks: 8199-8448
  Free inodes: 1025-1056
Group 33: (Blocks 8449-8704)
  Block bitmap at 8449 (+0), Inode bitmap at 8450 (+1)
  Inode table at 8451-8454 (+2)
  250 free blocks, 32 free inodes, 0 directories
  Free blocks: 8455-8704
  Free inodes: 1057-1088
Group 34: (Blocks 8705-8960)
  Block bitmap at 8705 (+0), Inode bitmap at 8706 (+1)
  Inode table at 8707-8710 (+2)
  250 free blocks, 32 free inodes, 0 directories
  Free blocks: 8711-8960
  Free inodes: 1089-1120
Group 35: (Blocks 8961-9216)
  Block bitmap at 8961 (+0), Inode bitmap at 8962 (+1)
  Inode table at 8963-8966 (+2)
  250 free blocks, 32 free inodes, 0 directories
  Free blocks: 8967-9216
  Free inodes: 1121-1152
Group 36: (Blocks 9217-9472)
  Block bitmap at 9217 (+0), Inode bitmap at 9218 (+1)
  Inode table at 9219-9222 (+2)
  250 free blocks, 32 free inodes, 0 directories
  Free blocks: 9223-9472
  Free inodes: 1153-1184
Group 37: (Blocks 9473-9728)
  Block bitmap at 9473 (+0), Inode bitmap at 9474 (+1)
  Inode table at 9475-9478 (+2)
  250 free blocks, 32 free inodes, 0 directories
  Free blocks: 9479-9728
  Free inodes: 1185-1216
Group 38: (Blocks 9729-9984)
  Block bitmap at 9729 (+0), Inode bitmap at 9730 (+1)
  Inode table at 9731-9734 (+2)
  250 free blocks, 32 free inodes, 0 directories
  Free blocks: 9735-9984
  Free inodes: 1217-1248
Group 39: (Blocks 9985-10240)
  Block bitmap at 9985 (+0), Inode bitmap at 9986 (+1)
  Inode table at 9987-9990 (+2)
  250 free blocks, 32 free inodes, 0 directories
  Free blocks: 9991-10240
  Free inodes: 1249-1280
Group 40: (Blocks 10241-10496)
  Block bitmap at 10241 (+0), Inode bitmap at 10242 (+1)
  Inode table at 10243-10246 (+2)
  250 free blocks, 32 free inodes, 0 directories
  Free blocks: 10247-10496
  Free inodes: 1281-1312
Group 41: (Blocks 10497-10752)
  Block bitmap at 10497 (+0), Inode bitmap at 10498 (+1)
  Inode table at 10499-10502 (+2)
  250 free blocks, 32 free inodes, 0 directories
  Free blocks: 10503-10752
  Free inodes: 1313-1344
Group 42: (Blocks 10753-11008)
  Block bitmap at 10753 (+0), Inode bitmap at 10754 (+1)
  Inode table at 10755-10758 (+2)
  250 free blocks, 32 free inodes, 0 directories
  Free blocks: 10759-11008
  Free inodes: 1345-1376
Group 43: (Blocks 11009-11264)
  Block bitmap at 11009 (+0), Inode bitmap at 11010 (+1)
  Inode table at 11011-11014 (+2)
  250 free blocks, 32 free inodes, 0 directories
  Free blocks: 11015-11264
  Free inodes: 1377-1408
Group 44: (Blocks 11265-11520)
  Block bitmap at 11265 (+0), Inode bitmap at 11266 (+1)
  Inode table at 11267-11270 (+2)
  250 free blocks, 32 free inodes, 0 directories
  Free blocks: 11271-11520
  Free inodes: 1409-1440
Group 45: (Blocks 11521-11776)
  Block bitmap at 11521 (+0), Inode bitmap at 11522 (+1)
  Inode table at 11523-11526 (+2)
  250 free blocks, 32 free inodes, 0 directories
  Free blocks: 11527-11776
  Free inodes: 1441-1472
Group 46: (Blocks 11777-12032)
  Block bitmap at 11777 (+0), Inode bitmap at 11778 (+1)
  Inode table at 11779-11782 (+2)
  250 free blocks, 32 free inodes, 0 directories
  Free blocks: 11783-12032
  Free inodes: 1473-1504
Group 47: (Blocks 12033-12288)
  Block bitmap at 12033 (+0), Inode bitmap at 12034 (+1)
  Inode table at 12035-12038 (+2)
  250 free blocks, 32 free inodes, 0 directories
  Free blocks: 12039-12288
  Free inodes: 1505-1536
Group 48: (Blocks 12289-12544)
  Block bitmap at 12289 (+0), Inode bitmap at 12290 (+1)
  Inode table at 12291-12294 (+2)
  250 free blocks, 32 free inodes, 0 directories
  Free blocks: 12295-12544
  Free inodes: 1537-1568
Group 49: (Blocks 12545-12800)
  Backup superblock at 12545, Group descriptors at 12546-12550
  Reserved GDT blocks at 12551-12673
  Block bitmap at 12674 (+129), Inode bitmap at 12675 (+130)
  Inode table at 12676-12679 (+131)
  121 free blocks, 32 free inodes, 0 directories
  Free blocks: 12680-12800
  Free inodes: 1569-1600
Group 50: (Blocks 12801-13056)
  Block bitmap at 12801 (+0), Inode bitmap at 12802 (+1)
  Inode table at 12803-12806 (+2)
  250 free blocks, 32 free inodes, 0 directories
  Free blocks: 12807-13056
  Free inodes: 1601-1632
Group 51: (Blocks 13057-13312)
  Block bitmap at 13057 (+0), Inode bitmap at 13058 (+1)
  Inode table at 13059-13062 (+2)
  250 free blocks, 32 free inodes, 0 directories
  Free blocks: 13063-13312
  Free inodes: 1633-1664
Group 52: (Blocks 13313-13568)
  Block bitmap at 13313 (+0), Inode bitmap at 13314 (+1)
  Inode table at 13315-13318 (+2)
  250 free blocks, 32 free inodes, 0 directories
  Free blocks: 13319-13568
  Free inodes: 1665-1696
Group 53: (Blocks 13569-13824)
  Block bitmap at 13569 (+0), Inode bitmap at 13570 (+1)
  Inode table at 13571-13574 (+2)
  250 free blocks, 32 free inodes, 0 directories
  Free blocks: 13575-13824
  Free inodes: 1697-1728
Group 54: (Blocks 13825-14080)
  Block bitmap at 13825 (+0), Inode bitmap at 13826 (+1)
  Inode table at 13827-13830 (+2)
  250 free blocks, 32 free inodes, 0 directories
  Free blocks: 13831-14080
  Free inodes: 1729-1760
Group 55: (Blocks 14081-14336)
  Block bitmap at 14081 (+0), Inode bitmap at 14082 (+1)
  Inode table at 14083-14086 (+2)
  250 free blocks, 32 free inodes, 0 directories
  Free blocks: 14087-14336
  Free inodes: 1761-1792
Group 56: (Blocks 14337-14592)
  Block bitmap at 14337 (+0), Inode bitmap at 14338 (+1)
  Inode table at 14339-14342 (+2)
  250 free blocks, 32 free inodes, 0 directories
  Free blocks: 14343-14592
  Free inodes: 1793-1824
Group 57: (Blocks 14593-14848)
  Block bitmap at 14593 (+0), Inode bitmap at 14594 (+1)
  Inode table at 14595-14598 (+2)
  250 free blocks, 32 free inodes, 0 directories
  Free blocks: 14599-14848
  Free inodes: 1825-1856
Group 58: (Blocks 14849-15104)
  Block bitmap at 14849 (+0), Inode bitmap at 14850 (+1)
  Inode table at 14851-14854 (+2)
  250 free blocks, 32 free inodes, 0 directories
  Free blocks: 14855-15104
  Free inodes: 1857-1888
Group 59: (Blocks 15105-15360)
  Block bitmap at 15105 (+0), Inode bitmap at 15106 (+1)
  Inode table at 15107-15110 (+2)
  250 free blocks, 32 free inodes, 0 directories
  Free blocks: 15111-15360
  Free inodes: 1889-1920
Group 60: (Blocks 15361-15616)
  Block bitmap at 15361 (+0), Inode bitmap at 15362 (+1)
  Inode table at 15363-15366 (+2)
  250 free blocks, 32 free inodes, 0 directories
  Free blocks: 15367-15616
  Free inodes: 1921-1952
Group 61: (Blocks 15617-15872)
  Block bitmap at 15617 (+0), Inode bitmap at 15618 (+1)
  Inode table at 15619-15622 (+2)
  250 free blocks, 32 free inodes, 0 directories
  Free blocks: 15623-15872
  Free inodes: 1953-1984
Group 62: (Blocks 15873-16128)
  Block bitmap at 15873 (+0), Inode bitmap at 15874 (+1)
  Inode table at 15875-15878 (+2)
  250 free blocks, 32 free inodes, 0 directories
  Free blocks: 15879-16128
  Free inodes: 1985-2016
Group 63: (Blocks 16129-16384)
  Block bitmap at 16129 (+0), Inode bitmap at 16130 (+1)
  Inode table at 16131-16134 (+2)
  250 free blocks, 32 free inodes, 0 directories
  Free blocks: 16135-16384
  Free inodes: 2017-2048
Group 64: (Blocks 16385-16640)
  Block bitmap at 16385 (+0), Inode bitmap at 16386 (+1)
  Inode table at 16387-16390 (+2)
  250 free blocks, 32 free inodes, 0 directories
  Free blocks: 16391-16640
  Free inodes: 2049-2080
Group 65: (Blocks 16641-16896)
  Block bitmap at 16641 (+0), Inode bitmap at 16642 (+1)
  Inode table at 16643-16646 (+2)
  250 free blocks, 32 free inodes, 0 directories
  Free blocks: 16647-16896
  Free inodes: 2081-2112
Group 66: (Blocks 16897-17152)
  Block bitmap at 16897 (+0), Inode bitmap at 16898 (+1)
  Inode table at 16899-16902 (+2)
  250 free blocks, 32 free inodes, 0 directories
  Free blocks: 16903-17152
  Free inodes: 2113-2144
Group 67: (Blocks 17153-17408)
  Block bitmap at 17153 (+0), Inode bitmap at 17154 (+1)
  Inode table at 17155-17158 (+2)
  250 free blocks, 32 free inodes, 0 directories
  Free blocks: 17159-17408
  Free inodes: 2145-2176
Group 68: (Blocks 17409-17664)
  Block bitmap at 17409 (+0), Inode bitmap at 17410 (+1)
  Inode table at 17411-17414 (+2)
  250 free blocks, 32 free inodes, 0 directories
  Free blocks: 17415-17664
  Free inodes: 2177-2208
Group 69: (Blocks 17665-17920)
  Block bitmap at 17665 (+0), Inode bitmap at 17666 (+1)
  Inode table at 17667-17670 (+2)
  250 free blocks, 32 free inodes, 0 directories
  Free blocks: 17671-17920
  Free inodes: 2209-2240
Group 70: (Blocks 17921-18176)
  Block bitmap at 17921 (+0), Inode bitmap at 17922 (+1)
  Inode table at 17923-17926 (+2)
  250 free blocks, 32 free inodes, 0 directories
  Free blocks: 17927-18176
  Free inodes: 2241-2272
Group 71: (Blocks 18177-18432)
  Block bitmap at 18177 (+0), Inode bitmap at 18178 (+1)
  Inode table at 18179-18182 (+2)
  250 free blocks, 32 free inodes, 0 directories
  Free blocks: 18183-18432
  Free inodes: 2273-2304
Group 72: (Blocks 18433-18688)
  Block bitmap at 18433 (+0), Inode bitmap at 18434 (+1)
  Inode table at 18435-18438 (+2)
  250 free blocks, 32 free inodes, 0 directories
  Free blocks: 18439-18688
  Free inodes: 2305-2336
Group 73: (Blocks 18689-18944)
  Block bitmap at 18689 (+0), Inode bitmap at 18690 (+1)
  Inode table at 18691-18694 (+2)
  250 free blocks, 32 free inodes, 0 directories
  Free blocks: 18695-18944
  Free inodes: 2337-2368
Group 74: (Blocks 18945-19200)
  Block bitmap at 18945 (+0), Inode bitmap at 18946 (+1)
  Inode table at 18947-18950 (+2)
  250 free blocks, 32 free inodes, 0 directories
  Free blocks: 18951-19200
  Free inodes: 2369-2400
Group 75: (Blocks 19201-19456)
  Block bitmap at 19201 (+0), Inode bitmap at 19202 (+1)
  Inode table at 19203-19206 (+2)
  250 free blocks, 32 free inodes, 0 directories
  Free blocks: 19207-19456
  Free inodes: 2401-2432
Group 76: (Blocks 19457-19712)
  Block bitmap at 19457 (+0), Inode bitmap at 19458 (+1)
  Inode table at 19459-19462 (+2)
  250 free blocks, 32 free inodes, 0 directories
  Free blocks: 19463-19712
  Free inodes: 2433-2464
Group 77: (Blocks 19713-19968)
  Block bitmap at 19713 (+0), Inode bitmap at 19714 (+1)
  Inode table at 19715-19718 (+2)
  250 free blocks, 32 free inodes, 0 directories
  Free blocks: 19719-19968
  Free inodes: 2465-2496
Group 78: (Blocks 19969-20224)
  Block bitmap at 19969 (+0), Inode bitmap at 19970 (+1)
  Inode table at 19971-19974 (+2)
  250 free blocks, 32 free inodes, 0 directories
  Free blocks: 19975-20224
  Free inodes: 2497-2528
Group 79: (Blocks 20225-20480)
  Block bitmap at 20225 (+0), Inode bitmap at 20226 (+1)
  Inode table at 20227-20230 (+2)
  250 free blocks, 32 free inodes, 0 directories
  Free blocks: 20231-20480
  Free inodes: 2529-2560
Group 80: (Blocks 20481-20736)
  Block bitmap at 20481 (+0), Inode bitmap at 20482 (+1)
  Inode table at 20483-20486 (+2)
  250 free blocks, 32 free inodes, 0 directories
  Free blocks: 20487-20736
  Free inodes: 2561-2592
Group 81: (Blocks 20737-20992)
  Backup superblock at 20737, Group descriptors at 20738-20742
  Reserved GDT blocks at 20743-20865
  Block bitmap at 20866 (+129), Inode bitmap at 20867 (+130)
  Inode table at 20868-20871 (+131)
  121 free blocks, 32 free inodes, 0 directories
  Free blocks: 20872-20992
  Free inodes: 2593-2624
Group 82: (Blocks 20993-21248)
  Block bitmap at 20993 (+0), Inode bitmap at 20994 (+1)
  Inode table at 20995-20998 (+2)
  250 free blocks, 32 free inodes, 0 directories
  Free blocks: 20999-21248
  Free inodes: 2625-2656
Group 83: (Blocks 21249-21504)
  Block bitmap at 21249 (+0), Inode bitmap at 21250 (+1)
  Inode table at 21251-21254 (+2)
  250 free blocks, 32 free inodes, 0 directories
  Free blocks: 21255-21504
  Free inodes: 2657-2688
Group 84: (Blocks 21505-21760)
  Block bitmap at 21505 (+0), Inode bitmap at 21506 (+1)
  Inode table at 21507-21510 (+2)
  250 free blocks, 32 free inodes, 0 directories
  Free blocks: 21511-21760
  Free inodes: 2689-2720
Group 85: (Blocks 21761-22016)
  Block bitmap at 21761 (+0), Inode bitmap at 21762 (+1)
  Inode table at 21763-21766 (+2)
  250 free blocks, 32 free inodes, 0 directories
  Free blocks: 21767-22016
  Free inodes: 2721-2752
Group 86: (Blocks 22017-22272)
  Block bitmap at 22017 (+0), Inode bitmap at 22018 (+1)
  Inode table at 22019-22022 (+2)
  250 free blocks, 32 free inodes, 0 directories
  Free blocks: 22023-22272
  Free inodes: 2753-2784
Group 87: (Blocks 22273-22528)
  Block bitmap at 22273 (+0), Inode bitmap at 22274 (+1)
  Inode table at 22275-22278 (+2)
  250 free blocks, 32 free inodes, 0 directories
  Free blocks: 22279-22528
  Free inodes: 2785-2816
Group 88: (Blocks 22529-22784)
  Block bitmap at 22529 (+0), Inode bitmap at 22530 (+1)
  Inode table at 22531-22534 (+2)
  250 free blocks, 32 free inodes, 0 directories
  Free blocks: 22535-22784
  Free inodes: 2817-2848
Group 89: (Blocks 22785-23040)
  Block bitmap at 22785 (+0), Inode bitmap at 22786 (+1)
  Inode table at 22787-22790 (+2)
  250 free blocks, 32 free inodes, 0 directories
  Free blocks: 22791-23040
  Free inodes: 2849-2880
Group 90: (Blocks 23041-23296)
  Block bitmap at 23041 (+0), Inode bitmap at 23042 (+1)
  Inode table at 23043-23046 (+2)
  250 free blocks, 32 free inodes, 0 directories
  Free blocks: 23047-23296
  Free inodes: 2881-2912
Group 91: (Blocks 23297-23552)
  Block bitmap at 23297 (+0), Inode bitmap at 23298 (+1)
  Inode table at 23299-23302 (+2)
  250 free blocks, 32 free inodes, 0 directories
  Free blocks: 23303-23552
  Free inodes: 2913-2944
Group 92: (Blocks 23553-23808)
  Block bitmap at 23553 (+0), Inode bitmap at 23554 (+1)
  Inode table at 23555-23558 (+2)
  250 free blocks, 32 free inodes, 0 directories
  Free blocks: 23559-23808
  Free inodes: 2945-2976
Group 93: (Blocks 23809-24064)
  Block bitmap at 23809 (+0), Inode bitmap at 23810 (+1)
  Inode table at 23811-23814 (+2)
  250 free blocks, 32 free inodes, 0 directories
  Free blocks: 23815-24064
  Free inodes: 2977-3008
Group 94: (Blocks 24065-24320)
  Block bitmap at 24065 (+0), Inode bitmap at 24066 (+1)
  Inode table at 24067-24070 (+2)
  250 free blocks, 32 free inodes, 0 directories
  Free blocks: 24071-24320
  Free inodes: 3009-3040
Group 95: (Blocks 24321-24576)
  Block bitmap at 24321 (+0), Inode bitmap at 24322 (+1)
  Inode table at 24323-24326 (+2)
  250 free blocks, 32 free inodes, 0 directories
  Free blocks: 24327-24576
  Free inodes: 3041-3072
Group 96: (Blocks 24577-24832)
  Block bitmap at 24577 (+0), Inode bitmap at 24578 (+1)
  Inode table at 24579-24582 (+2)
  250 free blocks, 32 free inodes, 0 directories
  Free blocks: 24583-24832
  Free inodes: 3073-3104
Group 97: (Blocks 24833-25088)
  Block bitmap at 24833 (+0), Inode bitmap at 24834 (+1)
  Inode table at 24835-24838 (+2)
  250 free blocks, 32 free inodes, 0 directories
  Free blocks: 24839-25088
  Free inodes: 3105-3136
Group 98: (Blocks 25089-25344)
  Block bitmap at 25089 (+0), Inode bitmap at 25090 (+1)
  Inode table at 25091-25094 (+2)
  250 free blocks, 32 free inodes, 0 directories
  Free blocks: 25095-25344
  Free inodes: 3137-3168
Group 99: (Blocks 25345-25600)
  Block bitmap at 25345 (+0), Inode bitmap at 25346 (+1)
  Inode table at 25347-25350 (+2)
  250 free blocks, 32 free inodes, 0 directories
  Free blocks: 25351-25600
  Free inodes: 3169-3200
Group 100: (Blocks 25601-25856)
  Block bitmap at 25601 (+0), Inode bitmap at 25602 (+1)
  Inode table at 25603-25606 (+2)
  250 free blocks, 32 free inodes, 0 directories
  Free blocks: 25607-25856
  Free inodes: 3201-3232
Group 101: (Blocks 25857-26112)
  Block bitmap at 25857 (+0), Inode bitmap at 25858 (+1)
  Inode table at 25859-25862 (+2)
  250 free blocks, 32 free inodes, 0 directories
  Free blocks: 25863-26112
  Free inodes: 3233-3264
Group 102: (Blocks 26113-26368)
  Block bitmap at 26113 (+0), Inode bitmap at 26114 (+1)
  Inode table at 26115-26118 (+2)
  250 free blocks, 32 free inodes, 0 directories
  Free blocks: 26119-26368
  Free inodes: 3265-3296
Group 103: (Blocks 26369-26624)
  Block bitmap at 26369 (+0), Inode bitmap at 26370 (+1)
  Inode table at 26371-26374 (+2)
  250 free blocks, 32 free inodes, 0 directories
  Free blocks: 26375-26624
  Free inodes: 3297-3328
Group 104: (Blocks 26625-26880)
  Block bitmap at 26625 (+0), Inode bitmap at 26626 (+1)
  Inode table at 26627-26630 (+2)
  250 free blocks, 32 free inodes, 0 directories
  Free blocks: 26631-26880
  Free inodes: 3329-3360
Group 105: (Blocks 26881-27136)
  Block bitmap at 26881 (+0), Inode bitmap at 26882 (+1)
  Inode table at 26883-26886 (+2)
  250 free blocks, 32 free inodes, 0 directories
  Free blocks: 26887-27136
  Free inodes: 3361-3392
Group 106: (Blocks 27137-27392)
  Block bitmap at 27137 (+0), Inode bitmap at 27138 (+1)
  Inode table at 27139-27142 (+2)
  250 free blocks, 32 free inodes, 0 directories
  Free blocks: 27143-27392
  Free inodes: 3393-3424
Group 107: (Blocks 27393-27648)
  Block bitmap at 27393 (+0), Inode bitmap at 27394 (+1)
  Inode table at 27395-27398 (+2)
  250 free blocks, 32 free inodes, 0 directories
  Free blocks: 27399-27648
  Free inodes: 3425-3456
Group 108: (Blocks 27649-27904)
  Block bitmap at 27649 (+0), Inode bitmap at 27650 (+1)
  Inode table at 27651-27654 (+2)
  250 free blocks, 32 free inodes, 0 directories
  Free blocks: 27655-27904
  Free inodes: 3457-3488
Group 109: (Blocks 27905-28160)
  Block bitmap at 27905 (+0), Inode bitmap at 27906 (+1)
  Inode table at 27907-27910 (+2)
  250 free blocks, 32 free inodes, 0 directories
  Free blocks: 27911-28160
  Free inodes: 3489-3520
Group 110: (Blocks 28161-28416)
  Block bitmap at 28161 (+0), Inode bitmap at 28162 (+1)
  Inode table at 28163-28166 (+2)
  250 free blocks, 32 free inodes, 0 directories
  Free blocks: 28167-28416
  Free inodes: 3521-3552
Group 111: (Blocks 28417-28672)
  Block bitmap at 28417 (+0), Inode bitmap at 28418 (+1)
  Inode table at 28419-28422 (+2)
  250 free blocks, 32 free inodes, 0 directories
  Free blocks: 28423-28672
  Free inodes: 3553-3584
Group 112: (Blocks 28673-28928)
  Block bitmap at 28673 (+0), Inode bitmap at 28674 (+1)
  Inode table at 28675-28678 (+2)
  250 free blocks, 32 free inodes, 0 directories
  Free blocks: 28679-28928
  Free inodes: 3585-3616
Group 113: (Blocks 28929-29184)
  Block bitmap at 28929 (+0), Inode bitmap at 28930 (+1)
  Inode table at 28931-28934 (+2)
  250 free blocks, 32 free inodes, 0 directories
  Free blocks: 28935-29184
  Free inodes: 3617-3648
Group 114: (Blocks 29185-29440)
  Block bitmap at 29185 (+0), Inode bitmap at 29186 (+1)
  Inode table at 29187-29190 (+2)
  250 free blocks, 32 free inodes, 0 directories
  Free blocks: 29191-29440
  Free inodes: 3649-3680
Group 115: (Blocks 29441-29696)
  Block bitmap at 29441 (+0), Inode bitmap at 29442 (+1)
  Inode table at 29443-29446 (+2)
  250 free blocks, 32 free inodes, 0 directories
  Free blocks: 29447-29696
  Free inodes: 3681-3712
Group 116: (Blocks 29697-29952)
  Block bitmap at 29697 (+0), Inode bitmap at 29698 (+1)
  Inode table at 29699-29702 (+2)
  250 free blocks, 32 free inodes, 0 directories
  Free blocks: 29703-29952
  Free inodes: 3713-3744
Group 117: (Blocks 29953-30208)
  Block bitmap at 29953 (+0), Inode bitmap at 29954 (+1)
  Inode table at 29955-29958 (+2)
  250 free blocks, 32 free inodes, 0 directories
  Free blocks: 29959-30208
  Free inodes: 3745-3776
Group 118: (Blocks 30209-30464)
  Block bitmap at 30209 (+0), Inode bitmap at 30210 (+1)
  Inode table at 30211-30214 (+2)
  250 free blocks, 32 free inodes, 0 directories
  Free blocks: 30215-30464
  Free inodes: 3777-3808
Group 119: (Blocks 30465-30720)
  Block bitmap at 30465 (+0), Inode bitmap at 30466 (+1)
  Inode table at 30467-30470 (+2)
  250 free blocks, 32 free inodes, 0 directories
  Free blocks: 30471-30720
  Free inodes: 3809-3840
Group 120: (Blocks 30721-30976)
  Block bitmap at 30721 (+0), Inode bitmap at 30722 (+1)
  Inode table at 30723-30726 (+2)
  250 free blocks, 32 free inodes, 0 directories
  Free blocks: 30727-30976
  Free inodes: 3841-3872
Group 121: (Blocks 30977-31232)
  Block bitmap at 30977 (+0), Inode bitmap at 30978 (+1)
  Inode table at 30979-30982 (+2)
  250 free blocks, 32 free inodes, 0 directories
  Free blocks: 30983-31232
  Free inodes: 3873-3904
Group 122: (Blocks 31233-31488)
  Block bitmap at 31233 (+0), Inode bitmap at 31234 (+1)
  Inode table at 31235-31238 (+2)
  250 free blocks, 32 free inodes, 0 directories
  Free blocks: 31239-31488
  Free inodes: 3905-3936
Group 123: (Blocks 31489-31744)
  Block bitmap at 31489 (+0), Inode bitmap at 31490 (+1)
  Inode table at 31491-31494 (+2)
  250 free blocks, 32 free inodes, 0 directories
  Free blocks: 31495-31744
  Free inodes: 3937-3968
Group 124: (Blocks 31745-32000)
  Block bitmap at 31745 (+0), Inode bitmap at 31746 (+1)
  Inode table at 31747-31750 (+2)
  250 free blocks, 32 free inodes, 0 directories
  Free blocks: 31751-32000
  Free inodes: 3969-4000
Group 125: (Blocks 32001-32256)
  Backup superblock at 32001, Group descriptors at 32002-32006
  Reserved GDT blocks at 32007-32129
  Block bitmap at 32130 (+129), Inode bitmap at 32131 (+130)
  Inode table at 32132-32135 (+131)
  121 free blocks, 32 free inodes, 0 directories
  Free blocks: 32136-32256
  Free inodes: 4001-4032
Group 126: (Blocks 32257-32512)
  Block bitmap at 32257 (+0), Inode bitmap at 32258 (+1)
  Inode table at 32259-32262 (+2)
  250 free blocks, 32 free inodes, 0 directories
  Free blocks: 32263-32512
  Free inodes: 4033-4064
Group 127: (Blocks 32513-32768)
  Block bitmap at 32513 (+0), Inode bitmap at 32514 (+1)
  Inode table at 32515-32518 (+2)
  250 free blocks, 32 free inodes, 0 directories
  Free blocks: 32519-32768
  Free inodes: 4065-4096
Group 128: (Blocks 32769-33024)
  Block bitmap at 32769 (+0), Inode bitmap at 32770 (+1)
  Inode table at 32771-32774 (+2)
  250 free blocks, 32 free inodes, 0 directories
  Free blocks: 32775-33024
  Free inodes: 4097-4128
Group 129: (Blocks 33025-33280)
  Block bitmap at 33025 (+0), Inode bitmap at 33026 (+1)
  Inode table at 33027-33030 (+2)
  250 free blocks, 32 free inodes, 0 directories
  Free blocks: 33031-33280
  Free inodes: 4129-4160
Group 130: (Blocks 33281-33536)
  Block bitmap at 33281 (+0), Inode bitmap at 33282 (+1)
  Inode table at 33283-33286 (+2)
  250 free blocks, 32 free inodes, 0 directories
  Free blocks: 33287-33536
  Free inodes: 4161-4192
Group 131: (Blocks 33537-33792)
  Block bitmap at 33537 (+0), Inode bitmap at 33538 (+1)
  Inode table at 33539-33542 (+2)
  250 free blocks, 32 free inodes, 0 directories
  Free blocks: 33543-33792
  Free inodes: 4193-4224
Group 132: (Blocks 33793-34048)
  Block bitmap at 33793 (+0), Inode bitmap at 33794 (+1)
  Inode table at 33795-33798 (+2)
  250 free blocks, 32 free inodes, 0 directories
  Free blocks: 33799-34048
  Free inodes: 4225-4256
Group 133: (Blocks 34049-34304)
  Block bitmap at 34049 (+0), Inode bitmap at 34050 (+1)
  Inode table at 34051-34054 (+2)
  250 free blocks, 32 free inodes, 0 directories
  Free blocks: 34055-34304
  Free inodes: 4257-4288
Group 134: (Blocks 34305-34560)
  Block bitmap at 34305 (+0), Inode bitmap at 34306 (+1)
  Inode table at 34307-34310 (+2)
  250 free blocks, 32 free inodes, 0 directories
  Free blocks: 34311-34560
  Free inodes: 4289-4320
Group 135: (Blocks 34561-34816)
  Block bitmap at 34561 (+0), Inode bitmap at 34562 (+1)
  Inode table at 34563-34566 (+2)
  250 free blocks, 32 free inodes, 0 directories
  Free blocks: 34567-34816
  Free inodes: 4321-4352
Group 136: (Blocks 34817-35072)
  Block bitmap at 34817 (+0), Inode bitmap at 34818 (+1)
  Inode table at 34819-34822 (+2)
  250 free blocks, 32 free inodes, 0 directories
  Free blocks: 34823-35072
  Free inodes: 4353-4384
Group 137: (Blocks 35073-35328)
  Block bitmap at 35073 (+0), Inode bitmap at 35074 (+1)
  Inode table at 35075-35078 (+2)
  250 free blocks, 32 free inodes, 0 directories
  Free blocks: 35079-35328
  Free inodes: 4385-4416
Group 138: (Blocks 35329-35584)
  Block bitmap at 35329 (+0), Inode bitmap at 35330 (+1)
  Inode table at 35331-35334 (+2)
  250 free blocks, 32 free inodes, 0 directories
  Free blocks: 35335-35584
  Free inodes: 4417-4448
Group 139: (Blocks 35585-35840)
  Block bitmap at 35585 (+0), Inode bitmap at 35586 (+1)
  Inode table at 35587-35590 (+2)
  250 free blocks, 32 free inodes, 0 directories
  Free blocks: 35591-35840
  Free inodes: 4449-4480
Group 140: (Blocks 35841-36096)
  Block bitmap at 35841 (+0), Inode bitmap at 35842 (+1)
  Inode table at 35843-35846 (+2)
  250 free blocks, 32 free inodes, 0 directories
  Free blocks: 35847-36096
  Free inodes: 4481-4512
Group 141: (Blocks 36097-36352)
  Block bitmap at 36097 (+0), Inode bitmap at 36098 (+1)
  Inode table at 36099-36102 (+2)
  250 free blocks, 32 free inodes, 0 directories
  Free blocks: 36103-36352
  Free inodes: 4513-4544
Group 142: (Blocks 36353-36608)
  Block bitmap at 36353 (+0), Inode bitmap at 36354 (+1)
  Inode table at 36355-36358 (+2)
  250 free blocks, 32 free inodes, 0 directories
  Free blocks: 36359-36608
  Free inodes: 4545-4576
Group 143: (Blocks 36609-36864)
  Block bitmap at 36609 (+0), Inode bitmap at 36610 (+1)
  Inode table at 36611-36614 (+2)
  250 free blocks, 32 free inodes, 0 directories
  Free blocks: 36615-36864
  Free inodes: 4577-4608
Group 144: (Blocks 36865-37120)
  Block bitmap at 36865 (+0), Inode bitmap at 36866 (+1)
  Inode table at 36867-36870 (+2)
  250 free blocks, 32 free inodes, 0 directories
  Free blocks: 36871-37120
  Free inodes: 4609-4640
Group 145: (Blocks 37121-37376)
  Block bitmap at 37121 (+0), Inode bitmap at 37122 (+1)
  Inode table at 37123-37126 (+2)
  250 free blocks, 32 free inodes, 0 directories
  Free blocks: 37127-37376
  Free inodes: 4641-4672
Group 146: (Blocks 37377-37632)
  Block bitmap at 37377 (+0), Inode bitmap at 37378 (+1)
  Inode table at 37379-37382 (+2)
  250 free blocks, 32 free inodes, 0 directories
  Free blocks: 37383-37632
  Free inodes: 4673-4704
Group 147: (Blocks 37633-37888)
  Block bitmap at 37633 (+0), Inode bitmap at 37634 (+1)
  Inode table at 37635-37638 (+2)
  250 free blocks, 32 free inodes, 0 directories
  Free blocks: 37639-37888
  Free inodes: 4705-4736
Group 148: (Blocks 37889-38144)
  Block bitmap at 37889 (+0), Inode bitmap at 37890 (+1)
  Inode table at 37891-37894 (+2)
  250 free blocks, 32 free inodes, 0 directories
  Free blocks: 37895-38144
  Free inodes: 4737-4768
Group 149: (Blocks 38145-38400)
  Block bitmap at 38145 (+0), Inode bitmap at 38146 (+1)
  Inode table at 38147-38150 (+2)
  250 free blocks, 32 free inodes, 0 directories
  Free blocks: 38151-38400
  Free inodes: 4769-4800
Group 150: (Blocks 38401-38656)
  Block bitmap at 38401 (+0), Inode bitmap at 38402 (+1)
  Inode table at 38403-38406 (+2)
  250 free blocks, 32 free inodes, 0 directories
  Free blocks: 38407-38656
  Free inodes: 4801-4832
Group 151: (Blocks 38657-38912)
  Block bitmap at 38657 (+0), Inode bitmap at 38658 (+1)
  Inode table at 38659-38662 (+2)
  250 free blocks, 32 free inodes, 0 directories
  Free blocks: 38663-38912
  Free inodes: 4833-4864
Group 152: (Blocks 38913-39168)
  Block bitmap at 38913 (+0), Inode bitmap at 38914 (+1)
  Inode table at 38915-38918 (+2)
  250 free blocks, 32 free inodes, 0 directories
  Free blocks: 38919-39168
  Free inodes: 4865-4896
Group 153: (Blocks 39169-39424)
  Block bitmap at 39169 (+0), Inode bitmap at 39170 (+1)
  Inode table at 39171-39174 (+2)
  250 free blocks, 32 free inodes, 0 directories
  Free blocks: 39175-39424
  Free inodes: 4897-4928
Group 154: (Blocks 39425-39680)
  Block bitmap at 39425 (+0), Inode bitmap at 39426 (+1)
  Inode table at 39427-39430 (+2)
  250 free blocks, 32 free inodes, 0 directories
  Free blocks: 39431-39680
  Free inodes: 4929-4960
Group 155: (Blocks 39681-39936)
  Block bitmap at 39681 (+0), Inode bitmap at 39682 (+1)
  Inode table at 39683-39686 (+2)
  250 free blocks, 32 free inodes, 0 directories
  Free blocks: 39687-39936
  Free inodes: 4961-4992
Group 156: (Blocks 39937-39999)
  Block bitmap at 39937 (+0), Inode bitmap at 39938 (+1)
  Inode table at 39939-39942 (+2)
  57 free blocks, 32 free inodes, 0 directories
  Free blocks: 39943-39999
  Free inodes: 4993-5024
