Filesystem label=
OS type: Linux
Block size=2048 (log=1)
Fragment size=2048 (log=1)
Stride=0 blocks, Stripe width=0 blocks
16384 inodes, 32768 blocks
1638 blocks (5.00%) reserved for the super user
First data block=0
Maximum filesystem blocks=33554432
2 block groups
16384 blocks per group, 16384 fragments per group
8192 inodes per group
Superblock backups stored on blocks: 
	16384

Allocating group tables:    done                            
Writing inode tables:    done                            
Writing superblocks and filesystem accounting information:    done

Filesystem features: ext_attr resize_inode dir_index filetype sparse_super
 
Pass 1: Checking inodes, blocks, and sizes
Pass 2: Checking directory structure
Pass 3: Checking directory connectivity
Pass 4: Checking reference counts
Pass 5: Checking group summary information
test_filesys: 11/16384 files (0.0% non-contiguous), 1104/32768 blocks
Exit status is 0

Filesystem volume name:   <none>
Last mounted on:          <not available>
Filesystem magic number:  0xEF53
Filesystem revision #:    1 (dynamic)
Filesystem features:      ext_attr resize_inode dir_index filetype sparse_super
Default mount options:    (none)
Filesystem state:         clean
Errors behavior:          Continue
Filesystem OS type:       Linux
Inode count:              16384
Block count:              32768
Reserved block count:     1638
Free blocks:              31664
Free inodes:              16373
First block:              0
Block size:               2048
Fragment size:            2048
Reserved GDT blocks:      31
Blocks per group:         16384
Fragments per group:      16384
Inodes per group:         8192
Inode blocks per group:   512
Mount count:              0
Check interval:           15552000 (6 months)
Reserved blocks uid:      0
Reserved blocks gid:      0
First inode:              11
Inode size:	          128
Default directory hash:   half_md4


Group 0: (Blocks 0-16383)
  Primary superblock at 0, Group descriptors at 1-1
  Reserved GDT blocks at 2-32
  Block bitmap at 33 (+33), Inode bitmap at 34 (+34)
  Inode table at 35-546 (+35)
  15827 free blocks, 8181 free inodes, 2 directories
  Free blocks: 557-16383
  Free inodes: 12-8192
Group 1: (Blocks 16384-32767)
  Backup superblock at 16384, Group descriptors at 16385-16385
  Reserved GDT blocks at 16386-16416
  Block bitmap at 16417 (+33), Inode bitmap at 16418 (+34)
  Inode table at 16419-16930 (+35)
  15837 free blocks, 8192 free inodes, 0 directories
  Free blocks: 16931-32767
  Free inodes: 8193-16384
