Filesystem label=
OS type: Linux
Block size=1024 (log=0)
Fragment size=1024 (log=0)
Stride=13 blocks, Stripe width=0 blocks
32768 inodes, 131072 blocks
6553 blocks (5.00%) reserved for the super user
First data block=1
Maximum filesystem blocks=8519680
128 block groups
1024 blocks per group, 1024 fragments per group
256 inodes per group
Superblock backups stored on blocks: 
	1025, 3073, 5121, 7169, 9217, 25601, 27649, 50177, 82945, 128001

Allocating group tables:        done                            
Writing inode tables:        done                            
Writing superblocks and filesystem accounting information:        done

Filesystem features: ext_attr resize_inode dir_index filetype sparse_super
Pass 1: Checking inodes, blocks, and sizes
Pass 2: Checking directory structure
Pass 3: Checking directory connectivity
Pass 4: Checking reference counts
Pass 5: Checking group summary information
test_filesys: 11/32768 files (0.0% non-contiguous), 7238/131072 blocks
Exit status is 0
Filesystem volume name:   <none>
Last mounted on:          <not available>
Filesystem magic number:  0xEF53
Filesystem revision #:    1 (dynamic)
Filesystem features:      ext_attr resize_inode dir_index filetype sparse_super
Default mount options:    (none)
Filesystem state:         clean
Errors behavior:          Continue
Filesystem OS type:       Linux
Inode count:              32768
Block count:              131072
Reserved block count:     6553
Free blocks:              123834
Free inodes:              32757
First block:              1
Block size:               1024
Fragment size:            1024
Reserved GDT blocks:      256
Blocks per group:         1024
Fragments per group:      1024
Inodes per group:         256
Inode blocks per group:   32
RAID stride:              13
Mount count:              0
Check interval:           15552000 (6 months)
Reserved blocks uid:      0
Reserved blocks gid:      0
First inode:              11
Inode size:	          128
Default directory hash:   half_md4


Group 0: (Blocks 1-1024)
  Primary superblock at 1, Group descriptors at 2-5
  Reserved GDT blocks at 6-261
  Block bitmap at 294 (+293), Inode bitmap at 295 (+294)
  Inode table at 262-293 (+261)
  715 free blocks, 245 free inodes, 2 directories
  Free blocks: 310-1024
  Free inodes: 12-256
Group 1: (Blocks 1025-2048)
  Backup superblock at 1025, Group descriptors at 1026-1029
  Reserved GDT blocks at 1030-1285
  Block bitmap at 1331 (+306), Inode bitmap at 1332 (+307)
  Inode table at 1286-1317 (+261)
  729 free blocks, 256 free inodes, 0 directories
  Free blocks: 1318-1330, 1333-2048
  Free inodes: 257-512
Group 2: (Blocks 2049-3072)
  Block bitmap at 2107 (+58), Inode bitmap at 2108 (+59)
  Inode table at 2049-2080
  990 free blocks, 256 free inodes, 0 directories
  Free blocks: 2081-2106, 2109-3072
  Free inodes: 513-768
Group 3: (Blocks 3073-4096)
  Backup superblock at 3073, Group descriptors at 3074-3077
  Reserved GDT blocks at 3078-3333
  Block bitmap at 3405 (+332), Inode bitmap at 3406 (+333)
  Inode table at 3334-3365 (+261)
  729 free blocks, 256 free inodes, 0 directories
  Free blocks: 3366-3404, 3407-4096
  Free inodes: 769-1024
Group 4: (Blocks 4097-5120)
  Block bitmap at 4181 (+84), Inode bitmap at 4182 (+85)
  Inode table at 4097-4128
  990 free blocks, 256 free inodes, 0 directories
  Free blocks: 4129-4180, 4183-5120
  Free inodes: 1025-1280
Group 5: (Blocks 5121-6144)
  Backup superblock at 5121, Group descriptors at 5122-5125
  Reserved GDT blocks at 5126-5381
  Block bitmap at 5479 (+358), Inode bitmap at 5480 (+359)
  Inode table at 5382-5413 (+261)
  729 free blocks, 256 free inodes, 0 directories
  Free blocks: 5414-5478, 5481-6144
  Free inodes: 1281-1536
Group 6: (Blocks 6145-7168)
  Block bitmap at 6255 (+110), Inode bitmap at 6256 (+111)
  Inode table at 6145-6176
  990 free blocks, 256 free inodes, 0 directories
  Free blocks: 6177-6254, 6257-7168
  Free inodes: 1537-1792
Group 7: (Blocks 7169-8192)
  Backup superblock at 7169, Group descriptors at 7170-7173
  Reserved GDT blocks at 7174-7429
  Block bitmap at 7553 (+384), Inode bitmap at 7554 (+385)
  Inode table at 7430-7461 (+261)
  729 free blocks, 256 free inodes, 0 directories
  Free blocks: 7462-7552, 7555-8192
  Free inodes: 1793-2048
Group 8: (Blocks 8193-9216)
  Block bitmap at 8329 (+136), Inode bitmap at 8330 (+137)
  Inode table at 8193-8224
  990 free blocks, 256 free inodes, 0 directories
  Free blocks: 8225-8328, 8331-9216
  Free inodes: 2049-2304
Group 9: (Blocks 9217-10240)
  Backup superblock at 9217, Group descriptors at 9218-9221
  Reserved GDT blocks at 9222-9477
  Block bitmap at 9627 (+410), Inode bitmap at 9628 (+411)
  Inode table at 9478-9509 (+261)
  729 free blocks, 256 free inodes, 0 directories
  Free blocks: 9510-9626, 9629-10240
  Free inodes: 2305-2560
Group 10: (Blocks 10241-11264)
  Block bitmap at 10403 (+162), Inode bitmap at 10404 (+163)
  Inode table at 10241-10272
  990 free blocks, 256 free inodes, 0 directories
  Free blocks: 10273-10402, 10405-11264
  Free inodes: 2561-2816
Group 11: (Blocks 11265-12288)
  Block bitmap at 11440 (+175), Inode bitmap at 11441 (+176)
  Inode table at 11265-11296
  990 free blocks, 256 free inodes, 0 directories
  Free blocks: 11297-11439, 11442-12288
  Free inodes: 2817-3072
Group 12: (Blocks 12289-13312)
  Block bitmap at 12477 (+188), Inode bitmap at 12478 (+189)
  Inode table at 12289-12320
  990 free blocks, 256 free inodes, 0 directories
  Free blocks: 12321-12476, 12479-13312
  Free inodes: 3073-3328
Group 13: (Blocks 13313-14336)
  Block bitmap at 13514 (+201), Inode bitmap at 13515 (+202)
  Inode table at 13313-13344
  990 free blocks, 256 free inodes, 0 directories
  Free blocks: 13345-13513, 13516-14336
  Free inodes: 3329-3584
Group 14: (Blocks 14337-15360)
  Block bitmap at 14551 (+214), Inode bitmap at 14552 (+215)
  Inode table at 14337-14368
  990 free blocks, 256 free inodes, 0 directories
  Free blocks: 14369-14550, 14553-15360
  Free inodes: 3585-3840
Group 15: (Blocks 15361-16384)
  Block bitmap at 15588 (+227), Inode bitmap at 15589 (+228)
  Inode table at 15361-15392
  990 free blocks, 256 free inodes, 0 directories
  Free blocks: 15393-15587, 15590-16384
  Free inodes: 3841-4096
Group 16: (Blocks 16385-17408)
  Block bitmap at 16625 (+240), Inode bitmap at 16626 (+241)
  Inode table at 16385-16416
  990 free blocks, 256 free inodes, 0 directories
  Free blocks: 16417-16624, 16627-17408
  Free inodes: 4097-4352
Group 17: (Blocks 17409-18432)
  Block bitmap at 17662 (+253), Inode bitmap at 17663 (+254)
  Inode table at 17409-17440
  990 free blocks, 256 free inodes, 0 directories
  Free blocks: 17441-17661, 17664-18432
  Free inodes: 4353-4608
Group 18: (Blocks 18433-19456)
  Block bitmap at 18699 (+266), Inode bitmap at 18700 (+267)
  Inode table at 18433-18464
  990 free blocks, 256 free inodes, 0 directories
  Free blocks: 18465-18698, 18701-19456
  Free inodes: 4609-4864
Group 19: (Blocks 19457-20480)
  Block bitmap at 19736 (+279), Inode bitmap at 19737 (+280)
  Inode table at 19457-19488
  990 free blocks, 256 free inodes, 0 directories
  Free blocks: 19489-19735, 19738-20480
  Free inodes: 4865-5120
Group 20: (Blocks 20481-21504)
  Block bitmap at 20773 (+292), Inode bitmap at 20774 (+293)
  Inode table at 20481-20512
  990 free blocks, 256 free inodes, 0 directories
  Free blocks: 20513-20772, 20775-21504
  Free inodes: 5121-5376
Group 21: (Blocks 21505-22528)
  Block bitmap at 21810 (+305), Inode bitmap at 21811 (+306)
  Inode table at 21505-21536
  990 free blocks, 256 free inodes, 0 directories
  Free blocks: 21537-21809, 21812-22528
  Free inodes: 5377-5632
Group 22: (Blocks 22529-23552)
  Block bitmap at 22847 (+318), Inode bitmap at 22848 (+319)
  Inode table at 22529-22560
  990 free blocks, 256 free inodes, 0 directories
  Free blocks: 22561-22846, 22849-23552
  Free inodes: 5633-5888
Group 23: (Blocks 23553-24576)
  Block bitmap at 23884 (+331), Inode bitmap at 23885 (+332)
  Inode table at 23553-23584
  990 free blocks, 256 free inodes, 0 directories
  Free blocks: 23585-23883, 23886-24576
  Free inodes: 5889-6144
Group 24: (Blocks 24577-25600)
  Block bitmap at 24921 (+344), Inode bitmap at 24922 (+345)
  Inode table at 24577-24608
  990 free blocks, 256 free inodes, 0 directories
  Free blocks: 24609-24920, 24923-25600
  Free inodes: 6145-6400
Group 25: (Blocks 25601-26624)
  Backup superblock at 25601, Group descriptors at 25602-25605
  Reserved GDT blocks at 25606-25861
  Block bitmap at 26219 (+618), Inode bitmap at 26220 (+619)
  Inode table at 25862-25893 (+261)
  729 free blocks, 256 free inodes, 0 directories
  Free blocks: 25894-26218, 26221-26624
  Free inodes: 6401-6656
Group 26: (Blocks 26625-27648)
  Block bitmap at 26995 (+370), Inode bitmap at 26996 (+371)
  Inode table at 26625-26656
  990 free blocks, 256 free inodes, 0 directories
  Free blocks: 26657-26994, 26997-27648
  Free inodes: 6657-6912
Group 27: (Blocks 27649-28672)
  Backup superblock at 27649, Group descriptors at 27650-27653
  Reserved GDT blocks at 27654-27909
  Block bitmap at 28293 (+644), Inode bitmap at 28294 (+645)
  Inode table at 27910-27941 (+261)
  729 free blocks, 256 free inodes, 0 directories
  Free blocks: 27942-28292, 28295-28672
  Free inodes: 6913-7168
Group 28: (Blocks 28673-29696)
  Block bitmap at 29069 (+396), Inode bitmap at 29070 (+397)
  Inode table at 28673-28704
  990 free blocks, 256 free inodes, 0 directories
  Free blocks: 28705-29068, 29071-29696
  Free inodes: 7169-7424
Group 29: (Blocks 29697-30720)
  Block bitmap at 30106 (+409), Inode bitmap at 30107 (+410)
  Inode table at 29697-29728
  990 free blocks, 256 free inodes, 0 directories
  Free blocks: 29729-30105, 30108-30720
  Free inodes: 7425-7680
Group 30: (Blocks 30721-31744)
  Block bitmap at 31143 (+422), Inode bitmap at 31144 (+423)
  Inode table at 30721-30752
  990 free blocks, 256 free inodes, 0 directories
  Free blocks: 30753-31142, 31145-31744
  Free inodes: 7681-7936
Group 31: (Blocks 31745-32768)
  Block bitmap at 32180 (+435), Inode bitmap at 32181 (+436)
  Inode table at 31745-31776
  990 free blocks, 256 free inodes, 0 directories
  Free blocks: 31777-32179, 32182-32768
  Free inodes: 7937-8192
Group 32: (Blocks 32769-33792)
  Block bitmap at 33217 (+448), Inode bitmap at 33218 (+449)
  Inode table at 32769-32800
  990 free blocks, 256 free inodes, 0 directories
  Free blocks: 32801-33216, 33219-33792
  Free inodes: 8193-8448
Group 33: (Blocks 33793-34816)
  Block bitmap at 34254 (+461), Inode bitmap at 34255 (+462)
  Inode table at 33793-33824
  990 free blocks, 256 free inodes, 0 directories
  Free blocks: 33825-34253, 34256-34816
  Free inodes: 8449-8704
Group 34: (Blocks 34817-35840)
  Block bitmap at 35291 (+474), Inode bitmap at 35292 (+475)
  Inode table at 34817-34848
  990 free blocks, 256 free inodes, 0 directories
  Free blocks: 34849-35290, 35293-35840
  Free inodes: 8705-8960
Group 35: (Blocks 35841-36864)
  Block bitmap at 36328 (+487), Inode bitmap at 36329 (+488)
  Inode table at 35841-35872
  990 free blocks, 256 free inodes, 0 directories
  Free blocks: 35873-36327, 36330-36864
  Free inodes: 8961-9216
Group 36: (Blocks 36865-37888)
  Block bitmap at 37365 (+500), Inode bitmap at 37366 (+501)
  Inode table at 36865-36896
  990 free blocks, 256 free inodes, 0 directories
  Free blocks: 36897-37364, 37367-37888
  Free inodes: 9217-9472
Group 37: (Blocks 37889-38912)
  Block bitmap at 38402 (+513), Inode bitmap at 38403 (+514)
  Inode table at 37889-37920
  990 free blocks, 256 free inodes, 0 directories
  Free blocks: 37921-38401, 38404-38912
  Free inodes: 9473-9728
Group 38: (Blocks 38913-39936)
  Block bitmap at 39439 (+526), Inode bitmap at 39440 (+527)
  Inode table at 38913-38944
  990 free blocks, 256 free inodes, 0 directories
  Free blocks: 38945-39438, 39441-39936
  Free inodes: 9729-9984
Group 39: (Blocks 39937-40960)
  Block bitmap at 40476 (+539), Inode bitmap at 40477 (+540)
  Inode table at 39937-39968
  990 free blocks, 256 free inodes, 0 directories
  Free blocks: 39969-40475, 40478-40960
  Free inodes: 9985-10240
Group 40: (Blocks 40961-41984)
  Block bitmap at 41513 (+552), Inode bitmap at 41514 (+553)
  Inode table at 40961-40992
  990 free blocks, 256 free inodes, 0 directories
  Free blocks: 40993-41512, 41515-41984
  Free inodes: 10241-10496
Group 41: (Blocks 41985-43008)
  Block bitmap at 42550 (+565), Inode bitmap at 42551 (+566)
  Inode table at 41985-42016
  990 free blocks, 256 free inodes, 0 directories
  Free blocks: 42017-42549, 42552-43008
  Free inodes: 10497-10752
Group 42: (Blocks 43009-44032)
  Block bitmap at 43587 (+578), Inode bitmap at 43588 (+579)
  Inode table at 43009-43040
  990 free blocks, 256 free inodes, 0 directories
  Free blocks: 43041-43586, 43589-44032
  Free inodes: 10753-11008
Group 43: (Blocks 44033-45056)
  Block bitmap at 44624 (+591), Inode bitmap at 44625 (+592)
  Inode table at 44033-44064
  990 free blocks, 256 free inodes, 0 directories
  Free blocks: 44065-44623, 44626-45056
  Free inodes: 11009-11264
Group 44: (Blocks 45057-46080)
  Block bitmap at 45661 (+604), Inode bitmap at 45662 (+605)
  Inode table at 45057-45088
  990 free blocks, 256 free inodes, 0 directories
  Free blocks: 45089-45660, 45663-46080
  Free inodes: 11265-11520
Group 45: (Blocks 46081-47104)
  Block bitmap at 46698 (+617), Inode bitmap at 46699 (+618)
  Inode table at 46081-46112
  990 free blocks, 256 free inodes, 0 directories
  Free blocks: 46113-46697, 46700-47104
  Free inodes: 11521-11776
Group 46: (Blocks 47105-48128)
  Block bitmap at 47735 (+630), Inode bitmap at 47736 (+631)
  Inode table at 47105-47136
  990 free blocks, 256 free inodes, 0 directories
  Free blocks: 47137-47734, 47737-48128
  Free inodes: 11777-12032
Group 47: (Blocks 48129-49152)
  Block bitmap at 48772 (+643), Inode bitmap at 48773 (+644)
  Inode table at 48129-48160
  990 free blocks, 256 free inodes, 0 directories
  Free blocks: 48161-48771, 48774-49152
  Free inodes: 12033-12288
Group 48: (Blocks 49153-50176)
  Block bitmap at 49809 (+656), Inode bitmap at 49810 (+657)
  Inode table at 49153-49184
  990 free blocks, 256 free inodes, 0 directories
  Free blocks: 49185-49808, 49811-50176
  Free inodes: 12289-12544
Group 49: (Blocks 50177-51200)
  Backup superblock at 50177, Group descriptors at 50178-50181
  Reserved GDT blocks at 50182-50437
  Block bitmap at 51107 (+930), Inode bitmap at 51108 (+931)
  Inode table at 50438-50469 (+261)
  729 free blocks, 256 free inodes, 0 directories
  Free blocks: 50470-51106, 51109-51200
  Free inodes: 12545-12800
Group 50: (Blocks 51201-52224)
  Block bitmap at 51883 (+682), Inode bitmap at 51884 (+683)
  Inode table at 51201-51232
  990 free blocks, 256 free inodes, 0 directories
  Free blocks: 51233-51882, 51885-52224
  Free inodes: 12801-13056
Group 51: (Blocks 52225-53248)
  Block bitmap at 52920 (+695), Inode bitmap at 52921 (+696)
  Inode table at 52225-52256
  990 free blocks, 256 free inodes, 0 directories
  Free blocks: 52257-52919, 52922-53248
  Free inodes: 13057-13312
Group 52: (Blocks 53249-54272)
  Block bitmap at 53957 (+708), Inode bitmap at 53958 (+709)
  Inode table at 53249-53280
  990 free blocks, 256 free inodes, 0 directories
  Free blocks: 53281-53956, 53959-54272
  Free inodes: 13313-13568
Group 53: (Blocks 54273-55296)
  Block bitmap at 54994 (+721), Inode bitmap at 54995 (+722)
  Inode table at 54273-54304
  990 free blocks, 256 free inodes, 0 directories
  Free blocks: 54305-54993, 54996-55296
  Free inodes: 13569-13824
Group 54: (Blocks 55297-56320)
  Block bitmap at 56031 (+734), Inode bitmap at 56032 (+735)
  Inode table at 55297-55328
  990 free blocks, 256 free inodes, 0 directories
  Free blocks: 55329-56030, 56033-56320
  Free inodes: 13825-14080
Group 55: (Blocks 56321-57344)
  Block bitmap at 57068 (+747), Inode bitmap at 57069 (+748)
  Inode table at 56321-56352
  990 free blocks, 256 free inodes, 0 directories
  Free blocks: 56353-57067, 57070-57344
  Free inodes: 14081-14336
Group 56: (Blocks 57345-58368)
  Block bitmap at 58105 (+760), Inode bitmap at 58106 (+761)
  Inode table at 57345-57376
  990 free blocks, 256 free inodes, 0 directories
  Free blocks: 57377-58104, 58107-58368
  Free inodes: 14337-14592
Group 57: (Blocks 58369-59392)
  Block bitmap at 59142 (+773), Inode bitmap at 59143 (+774)
  Inode table at 58369-58400
  990 free blocks, 256 free inodes, 0 directories
  Free blocks: 58401-59141, 59144-59392
  Free inodes: 14593-14848
Group 58: (Blocks 59393-60416)
  Block bitmap at 60179 (+786), Inode bitmap at 60180 (+787)
  Inode table at 59393-59424
  990 free blocks, 256 free inodes, 0 directories
  Free blocks: 59425-60178, 60181-60416
  Free inodes: 14849-15104
Group 59: (Blocks 60417-61440)
  Block bitmap at 61216 (+799), Inode bitmap at 61217 (+800)
  Inode table at 60417-60448
  990 free blocks, 256 free inodes, 0 directories
  Free blocks: 60449-61215, 61218-61440
  Free inodes: 15105-15360
Group 60: (Blocks 61441-62464)
  Block bitmap at 62253 (+812), Inode bitmap at 62254 (+813)
  Inode table at 61441-61472
  990 free blocks, 256 free inodes, 0 directories
  Free blocks: 61473-62252, 62255-62464
  Free inodes: 15361-15616
Group 61: (Blocks 62465-63488)
  Block bitmap at 63290 (+825), Inode bitmap at 63291 (+826)
  Inode table at 62465-62496
  990 free blocks, 256 free inodes, 0 directories
  Free blocks: 62497-63289, 63292-63488
  Free inodes: 15617-15872
Group 62: (Blocks 63489-64512)
  Block bitmap at 64327 (+838), Inode bitmap at 64328 (+839)
  Inode table at 63489-63520
  990 free blocks, 256 free inodes, 0 directories
  Free blocks: 63521-64326, 64329-64512
  Free inodes: 15873-16128
Group 63: (Blocks 64513-65536)
  Block bitmap at 65364 (+851), Inode bitmap at 65365 (+852)
  Inode table at 64513-64544
  990 free blocks, 256 free inodes, 0 directories
  Free blocks: 64545-65363, 65366-65536
  Free inodes: 16129-16384
Group 64: (Blocks 65537-66560)
  Block bitmap at 66401 (+864), Inode bitmap at 66402 (+865)
  Inode table at 65537-65568
  990 free blocks, 256 free inodes, 0 directories
  Free blocks: 65569-66400, 66403-66560
  Free inodes: 16385-16640
Group 65: (Blocks 66561-67584)
  Block bitmap at 67438 (+877), Inode bitmap at 67439 (+878)
  Inode table at 66561-66592
  990 free blocks, 256 free inodes, 0 directories
  Free blocks: 66593-67437, 67440-67584
  Free inodes: 16641-16896
Group 66: (Blocks 67585-68608)
  Block bitmap at 68475 (+890), Inode bitmap at 68476 (+891)
  Inode table at 67585-67616
  990 free blocks, 256 free inodes, 0 directories
  Free blocks: 67617-68474, 68477-68608
  Free inodes: 16897-17152
Group 67: (Blocks 68609-69632)
  Block bitmap at 69512 (+903), Inode bitmap at 69513 (+904)
  Inode table at 68609-68640
  990 free blocks, 256 free inodes, 0 directories
  Free blocks: 68641-69511, 69514-69632
  Free inodes: 17153-17408
Group 68: (Blocks 69633-70656)
  Block bitmap at 70549 (+916), Inode bitmap at 70550 (+917)
  Inode table at 69633-69664
  990 free blocks, 256 free inodes, 0 directories
  Free blocks: 69665-70548, 70551-70656
  Free inodes: 17409-17664
Group 69: (Blocks 70657-71680)
  Block bitmap at 71586 (+929), Inode bitmap at 71587 (+930)
  Inode table at 70657-70688
  990 free blocks, 256 free inodes, 0 directories
  Free blocks: 70689-71585, 71588-71680
  Free inodes: 17665-17920
Group 70: (Blocks 71681-72704)
  Block bitmap at 72623 (+942), Inode bitmap at 72624 (+943)
  Inode table at 71681-71712
  990 free blocks, 256 free inodes, 0 directories
  Free blocks: 71713-72622, 72625-72704
  Free inodes: 17921-18176
Group 71: (Blocks 72705-73728)
  Block bitmap at 73660 (+955), Inode bitmap at 73661 (+956)
  Inode table at 72705-72736
  990 free blocks, 256 free inodes, 0 directories
  Free blocks: 72737-73659, 73662-73728
  Free inodes: 18177-18432
Group 72: (Blocks 73729-74752)
  Block bitmap at 74697 (+968), Inode bitmap at 74698 (+969)
  Inode table at 73729-73760
  990 free blocks, 256 free inodes, 0 directories
  Free blocks: 73761-74696, 74699-74752
  Free inodes: 18433-18688
Group 73: (Blocks 74753-75776)
  Block bitmap at 75734 (+981), Inode bitmap at 75735 (+982)
  Inode table at 74753-74784
  990 free blocks, 256 free inodes, 0 directories
  Free blocks: 74785-75733, 75736-75776
  Free inodes: 18689-18944
Group 74: (Blocks 75777-76800)
  Block bitmap at 76771 (+994), Inode bitmap at 76772 (+995)
  Inode table at 75777-75808
  990 free blocks, 256 free inodes, 0 directories
  Free blocks: 75809-76770, 76773-76800
  Free inodes: 18945-19200
Group 75: (Blocks 76801-77824)
  Block bitmap at 77808 (+1007), Inode bitmap at 77809 (+1008)
  Inode table at 76801-76832
  990 free blocks, 256 free inodes, 0 directories
  Free blocks: 76833-77807, 77810-77824
  Free inodes: 19201-19456
Group 76: (Blocks 77825-78848)
  Block bitmap at 78845 (+1020), Inode bitmap at 78846 (+1021)
  Inode table at 77825-77856
  990 free blocks, 256 free inodes, 0 directories
  Free blocks: 77857-78844, 78847-78848
  Free inodes: 19457-19712
Group 77: (Blocks 78849-79872)
  Block bitmap at 78890 (+41), Inode bitmap at 78891 (+42)
  Inode table at 78849-78880
  990 free blocks, 256 free inodes, 0 directories
  Free blocks: 78881-78889, 78892-79872
  Free inodes: 19713-19968
Group 78: (Blocks 79873-80896)
  Block bitmap at 79927 (+54), Inode bitmap at 79928 (+55)
  Inode table at 79873-79904
  990 free blocks, 256 free inodes, 0 directories
  Free blocks: 79905-79926, 79929-80896
  Free inodes: 19969-20224
Group 79: (Blocks 80897-81920)
  Block bitmap at 80964 (+67), Inode bitmap at 80965 (+68)
  Inode table at 80897-80928
  990 free blocks, 256 free inodes, 0 directories
  Free blocks: 80929-80963, 80966-81920
  Free inodes: 20225-20480
Group 80: (Blocks 81921-82944)
  Block bitmap at 82001 (+80), Inode bitmap at 82002 (+81)
  Inode table at 81921-81952
  990 free blocks, 256 free inodes, 0 directories
  Free blocks: 81953-82000, 82003-82944
  Free inodes: 20481-20736
Group 81: (Blocks 82945-83968)
  Backup superblock at 82945, Group descriptors at 82946-82949
  Reserved GDT blocks at 82950-83205
  Block bitmap at 83560 (+615), Inode bitmap at 83561 (+616)
  Inode table at 83206-83237 (+261)
  729 free blocks, 256 free inodes, 0 directories
  Free blocks: 83238-83559, 83562-83968
  Free inodes: 20737-20992
Group 82: (Blocks 83969-84992)
  Block bitmap at 84075 (+106), Inode bitmap at 84076 (+107)
  Inode table at 83969-84000
  990 free blocks, 256 free inodes, 0 directories
  Free blocks: 84001-84074, 84077-84992
  Free inodes: 20993-21248
Group 83: (Blocks 84993-86016)
  Block bitmap at 85112 (+119), Inode bitmap at 85113 (+120)
  Inode table at 84993-85024
  990 free blocks, 256 free inodes, 0 directories
  Free blocks: 85025-85111, 85114-86016
  Free inodes: 21249-21504
Group 84: (Blocks 86017-87040)
  Block bitmap at 86149 (+132), Inode bitmap at 86150 (+133)
  Inode table at 86017-86048
  990 free blocks, 256 free inodes, 0 directories
  Free blocks: 86049-86148, 86151-87040
  Free inodes: 21505-21760
Group 85: (Blocks 87041-88064)
  Block bitmap at 87186 (+145), Inode bitmap at 87187 (+146)
  Inode table at 87041-87072
  990 free blocks, 256 free inodes, 0 directories
  Free blocks: 87073-87185, 87188-88064
  Free inodes: 21761-22016
Group 86: (Blocks 88065-89088)
  Block bitmap at 88223 (+158), Inode bitmap at 88224 (+159)
  Inode table at 88065-88096
  990 free blocks, 256 free inodes, 0 directories
  Free blocks: 88097-88222, 88225-89088
  Free inodes: 22017-22272
Group 87: (Blocks 89089-90112)
  Block bitmap at 89260 (+171), Inode bitmap at 89261 (+172)
  Inode table at 89089-89120
  990 free blocks, 256 free inodes, 0 directories
  Free blocks: 89121-89259, 89262-90112
  Free inodes: 22273-22528
Group 88: (Blocks 90113-91136)
  Block bitmap at 90297 (+184), Inode bitmap at 90298 (+185)
  Inode table at 90113-90144
  990 free blocks, 256 free inodes, 0 directories
  Free blocks: 90145-90296, 90299-91136
  Free inodes: 22529-22784
Group 89: (Blocks 91137-92160)
  Block bitmap at 91334 (+197), Inode bitmap at 91335 (+198)
  Inode table at 91137-91168
  990 free blocks, 256 free inodes, 0 directories
  Free blocks: 91169-91333, 91336-92160
  Free inodes: 22785-23040
Group 90: (Blocks 92161-93184)
  Block bitmap at 92371 (+210), Inode bitmap at 92372 (+211)
  Inode table at 92161-92192
  990 free blocks, 256 free inodes, 0 directories
  Free blocks: 92193-92370, 92373-93184
  Free inodes: 23041-23296
Group 91: (Blocks 93185-94208)
  Block bitmap at 93408 (+223), Inode bitmap at 93409 (+224)
  Inode table at 93185-93216
  990 free blocks, 256 free inodes, 0 directories
  Free blocks: 93217-93407, 93410-94208
  Free inodes: 23297-23552
Group 92: (Blocks 94209-95232)
  Block bitmap at 94445 (+236), Inode bitmap at 94446 (+237)
  Inode table at 94209-94240
  990 free blocks, 256 free inodes, 0 directories
  Free blocks: 94241-94444, 94447-95232
  Free inodes: 23553-23808
Group 93: (Blocks 95233-96256)
  Block bitmap at 95482 (+249), Inode bitmap at 95483 (+250)
  Inode table at 95233-95264
  990 free blocks, 256 free inodes, 0 directories
  Free blocks: 95265-95481, 95484-96256
  Free inodes: 23809-24064
Group 94: (Blocks 96257-97280)
  Block bitmap at 96519 (+262), Inode bitmap at 96520 (+263)
  Inode table at 96257-96288
  990 free blocks, 256 free inodes, 0 directories
  Free blocks: 96289-96518, 96521-97280
  Free inodes: 24065-24320
Group 95: (Blocks 97281-98304)
  Block bitmap at 97556 (+275), Inode bitmap at 97557 (+276)
  Inode table at 97281-97312
  990 free blocks, 256 free inodes, 0 directories
  Free blocks: 97313-97555, 97558-98304
  Free inodes: 24321-24576
Group 96: (Blocks 98305-99328)
  Block bitmap at 98593 (+288), Inode bitmap at 98594 (+289)
  Inode table at 98305-98336
  990 free blocks, 256 free inodes, 0 directories
  Free blocks: 98337-98592, 98595-99328
  Free inodes: 24577-24832
Group 97: (Blocks 99329-100352)
  Block bitmap at 99630 (+301), Inode bitmap at 99631 (+302)
  Inode table at 99329-99360
  990 free blocks, 256 free inodes, 0 directories
  Free blocks: 99361-99629, 99632-100352
  Free inodes: 24833-25088
Group 98: (Blocks 100353-101376)
  Block bitmap at 100667 (+314), Inode bitmap at 100668 (+315)
  Inode table at 100353-100384
  990 free blocks, 256 free inodes, 0 directories
  Free blocks: 100385-100666, 100669-101376
  Free inodes: 25089-25344
Group 99: (Blocks 101377-102400)
  Block bitmap at 101704 (+327), Inode bitmap at 101705 (+328)
  Inode table at 101377-101408
  990 free blocks, 256 free inodes, 0 directories
  Free blocks: 101409-101703, 101706-102400
  Free inodes: 25345-25600
Group 100: (Blocks 102401-103424)
  Block bitmap at 102741 (+340), Inode bitmap at 102742 (+341)
  Inode table at 102401-102432
  990 free blocks, 256 free inodes, 0 directories
  Free blocks: 102433-102740, 102743-103424
  Free inodes: 25601-25856
Group 101: (Blocks 103425-104448)
  Block bitmap at 103778 (+353), Inode bitmap at 103779 (+354)
  Inode table at 103425-103456
  990 free blocks, 256 free inodes, 0 directories
  Free blocks: 103457-103777, 103780-104448
  Free inodes: 25857-26112
Group 102: (Blocks 104449-105472)
  Block bitmap at 104815 (+366), Inode bitmap at 104816 (+367)
  Inode table at 104449-104480
  990 free blocks, 256 free inodes, 0 directories
  Free blocks: 104481-104814, 104817-105472
  Free inodes: 26113-26368
Group 103: (Blocks 105473-106496)
  Block bitmap at 105852 (+379), Inode bitmap at 105853 (+380)
  Inode table at 105473-105504
  990 free blocks, 256 free inodes, 0 directories
  Free blocks: 105505-105851, 105854-106496
  Free inodes: 26369-26624
Group 104: (Blocks 106497-107520)
  Block bitmap at 106889 (+392), Inode bitmap at 106890 (+393)
  Inode table at 106497-106528
  990 free blocks, 256 free inodes, 0 directories
  Free blocks: 106529-106888, 106891-107520
  Free inodes: 26625-26880
Group 105: (Blocks 107521-108544)
  Block bitmap at 107926 (+405), Inode bitmap at 107927 (+406)
  Inode table at 107521-107552
  990 free blocks, 256 free inodes, 0 directories
  Free blocks: 107553-107925, 107928-108544
  Free inodes: 26881-27136
Group 106: (Blocks 108545-109568)
  Block bitmap at 108963 (+418), Inode bitmap at 108964 (+419)
  Inode table at 108545-108576
  990 free blocks, 256 free inodes, 0 directories
  Free blocks: 108577-108962, 108965-109568
  Free inodes: 27137-27392
Group 107: (Blocks 109569-110592)
  Block bitmap at 110000 (+431), Inode bitmap at 110001 (+432)
  Inode table at 109569-109600
  990 free blocks, 256 free inodes, 0 directories
  Free blocks: 109601-109999, 110002-110592
  Free inodes: 27393-27648
Group 108: (Blocks 110593-111616)
  Block bitmap at 111037 (+444), Inode bitmap at 111038 (+445)
  Inode table at 110593-110624
  990 free blocks, 256 free inodes, 0 directories
  Free blocks: 110625-111036, 111039-111616
  Free inodes: 27649-27904
Group 109: (Blocks 111617-112640)
  Block bitmap at 112074 (+457), Inode bitmap at 112075 (+458)
  Inode table at 111617-111648
  990 free blocks, 256 free inodes, 0 directories
  Free blocks: 111649-112073, 112076-112640
  Free inodes: 27905-28160
Group 110: (Blocks 112641-113664)
  Block bitmap at 113111 (+470), Inode bitmap at 113112 (+471)
  Inode table at 112641-112672
  990 free blocks, 256 free inodes, 0 directories
  Free blocks: 112673-113110, 113113-113664
  Free inodes: 28161-28416
Group 111: (Blocks 113665-114688)
  Block bitmap at 114148 (+483), Inode bitmap at 114149 (+484)
  Inode table at 113665-113696
  990 free blocks, 256 free inodes, 0 directories
  Free blocks: 113697-114147, 114150-114688
  Free inodes: 28417-28672
Group 112: (Blocks 114689-115712)
  Block bitmap at 115185 (+496), Inode bitmap at 115186 (+497)
  Inode table at 114689-114720
  990 free blocks, 256 free inodes, 0 directories
  Free blocks: 114721-115184, 115187-115712
  Free inodes: 28673-28928
Group 113: (Blocks 115713-116736)
  Block bitmap at 116222 (+509), Inode bitmap at 116223 (+510)
  Inode table at 115713-115744
  990 free blocks, 256 free inodes, 0 directories
  Free blocks: 115745-116221, 116224-116736
  Free inodes: 28929-29184
Group 114: (Blocks 116737-117760)
  Block bitmap at 117259 (+522), Inode bitmap at 117260 (+523)
  Inode table at 116737-116768
  990 free blocks, 256 free inodes, 0 directories
  Free blocks: 116769-117258, 117261-117760
  Free inodes: 29185-29440
Group 115: (Blocks 117761-118784)
  Block bitmap at 118296 (+535), Inode bitmap at 118297 (+536)
  Inode table at 117761-117792
  990 free blocks, 256 free inodes, 0 directories
  Free blocks: 117793-118295, 118298-118784
  Free inodes: 29441-29696
Group 116: (Blocks 118785-119808)
  Block bitmap at 119333 (+548), Inode bitmap at 119334 (+549)
  Inode table at 118785-118816
  990 free blocks, 256 free inodes, 0 directories
  Free blocks: 118817-119332, 119335-119808
  Free inodes: 29697-29952
Group 117: (Blocks 119809-120832)
  Block bitmap at 120370 (+561), Inode bitmap at 120371 (+562)
  Inode table at 119809-119840
  990 free blocks, 256 free inodes, 0 directories
  Free blocks: 119841-120369, 120372-120832
  Free inodes: 29953-30208
Group 118: (Blocks 120833-121856)
  Block bitmap at 121407 (+574), Inode bitmap at 121408 (+575)
  Inode table at 120833-120864
  990 free blocks, 256 free inodes, 0 directories
  Free blocks: 120865-121406, 121409-121856
  Free inodes: 30209-30464
Group 119: (Blocks 121857-122880)
  Block bitmap at 122444 (+587), Inode bitmap at 122445 (+588)
  Inode table at 121857-121888
  990 free blocks, 256 free inodes, 0 directories
  Free blocks: 121889-122443, 122446-122880
  Free inodes: 30465-30720
Group 120: (Blocks 122881-123904)
  Block bitmap at 123481 (+600), Inode bitmap at 123482 (+601)
  Inode table at 122881-122912
  990 free blocks, 256 free inodes, 0 directories
  Free blocks: 122913-123480, 123483-123904
  Free inodes: 30721-30976
Group 121: (Blocks 123905-124928)
  Block bitmap at 124518 (+613), Inode bitmap at 124519 (+614)
  Inode table at 123905-123936
  990 free blocks, 256 free inodes, 0 directories
  Free blocks: 123937-124517, 124520-124928
  Free inodes: 30977-31232
Group 122: (Blocks 124929-125952)
  Block bitmap at 125555 (+626), Inode bitmap at 125556 (+627)
  Inode table at 124929-124960
  990 free blocks, 256 free inodes, 0 directories
  Free blocks: 124961-125554, 125557-125952
  Free inodes: 31233-31488
Group 123: (Blocks 125953-126976)
  Block bitmap at 126592 (+639), Inode bitmap at 126593 (+640)
  Inode table at 125953-125984
  990 free blocks, 256 free inodes, 0 directories
  Free blocks: 125985-126591, 126594-126976
  Free inodes: 31489-31744
Group 124: (Blocks 126977-128000)
  Block bitmap at 127629 (+652), Inode bitmap at 127630 (+653)
  Inode table at 126977-127008
  990 free blocks, 256 free inodes, 0 directories
  Free blocks: 127009-127628, 127631-128000
  Free inodes: 31745-32000
Group 125: (Blocks 128001-129024)
  Backup superblock at 128001, Group descriptors at 128002-128005
  Reserved GDT blocks at 128006-128261
  Block bitmap at 128457 (+456), Inode bitmap at 128458 (+457)
  Inode table at 128262-128293 (+261)
  729 free blocks, 256 free inodes, 0 directories
  Free blocks: 128294-128456, 128459-129024
  Free inodes: 32001-32256
Group 126: (Blocks 129025-130048)
  Block bitmap at 129703 (+678), Inode bitmap at 129704 (+679)
  Inode table at 129025-129056
  990 free blocks, 256 free inodes, 0 directories
  Free blocks: 129057-129702, 129705-130048
  Free inodes: 32257-32512
Group 127: (Blocks 130049-131071)
  Block bitmap at 130741 (+692), Inode bitmap at 130742 (+693)
  Inode table at 130049-130080
  989 free blocks, 256 free inodes, 0 directories
  Free blocks: 130081-130740, 130743-131071
  Free inodes: 32513-32768
